Component: ARM Compiler 5.06 update 6 (build 750) Tool: armlink [4d35ed]

==============================================================================

Section Cross References

    startup_stm32l071xx.o(RESET) refers to startup_stm32l071xx.o(STACK) for __initial_sp
    startup_stm32l071xx.o(RESET) refers to startup_stm32l071xx.o(.text) for Reset_Handler
    startup_stm32l071xx.o(RESET) refers to stm32l0xx_it.o(i.NMI_Handler) for NMI_Handler
    startup_stm32l071xx.o(RESET) refers to stm32l0xx_it.o(i.HardFault_Handler) for HardFault_Handler
    startup_stm32l071xx.o(RESET) refers to stm32l0xx_it.o(i.SVC_Handler) for SVC_Handler
    startup_stm32l071xx.o(RESET) refers to stm32l0xx_it.o(i.PendSV_Handler) for PendSV_Handler
    startup_stm32l071xx.o(RESET) refers to stm32l0xx_it.o(i.SysTick_Handler) for SysTick_Handler
    startup_stm32l071xx.o(RESET) refers to stm32l0xx_it.o(i.RTC_IRQHandler) for RTC_IRQHandler
    startup_stm32l071xx.o(RESET) refers to stm32l0xx_it.o(i.EXTI4_15_IRQHandler) for EXTI4_15_IRQHandler
    startup_stm32l071xx.o(RESET) refers to stm32l0xx_it.o(i.DMA1_Channel2_3_IRQHandler) for DMA1_Channel2_3_IRQHandler
    startup_stm32l071xx.o(RESET) refers to stm32l0xx_it.o(i.ADC1_COMP_IRQHandler) for ADC1_COMP_IRQHandler
    startup_stm32l071xx.o(RESET) refers to stm32l0xx_it.o(i.LPTIM1_IRQHandler) for LPTIM1_IRQHandler
    startup_stm32l071xx.o(RESET) refers to stm32l0xx_it.o(i.USART1_IRQHandler) for USART1_IRQHandler
    startup_stm32l071xx.o(RESET) refers to stm32l0xx_it.o(i.LPUART1_IRQHandler) for LPUART1_IRQHandler
    startup_stm32l071xx.o(.text) refers to system_stm32l0xx.o(i.SystemInit) for SystemInit
    startup_stm32l071xx.o(.text) refers to entry.o(.ARM.Collect$$$$00000000) for __main
    main.o(i.DATAEEPROM_Program) refers to stm32l0xx_hal_flash_ex.o(i.HAL_FLASHEx_DATAEEPROM_Unlock) for HAL_FLASHEx_DATAEEPROM_Unlock
    main.o(i.DATAEEPROM_Program) refers to stm32l0xx_hal_flash_ex.o(i.HAL_FLASHEx_DATAEEPROM_Erase) for HAL_FLASHEx_DATAEEPROM_Erase
    main.o(i.DATAEEPROM_Program) refers to stm32l0xx_hal_flash_ex.o(i.HAL_FLASHEx_DATAEEPROM_EnableFixedTimeProgram) for HAL_FLASHEx_DATAEEPROM_EnableFixedTimeProgram
    main.o(i.DATAEEPROM_Program) refers to stm32l0xx_hal_flash_ex.o(i.HAL_FLASHEx_DATAEEPROM_Program) for HAL_FLASHEx_DATAEEPROM_Program
    main.o(i.DATAEEPROM_Program) refers to main.o(i.Error_Handler) for Error_Handler
    main.o(i.DATAEEPROM_Program) refers to stm32l0xx_hal_flash_ex.o(i.HAL_FLASHEx_DATAEEPROM_DisableFixedTimeProgram) for HAL_FLASHEx_DATAEEPROM_DisableFixedTimeProgram
    main.o(i.DATAEEPROM_Program) refers to stm32l0xx_hal_flash_ex.o(i.HAL_FLASHEx_DATAEEPROM_Lock) for HAL_FLASHEx_DATAEEPROM_Lock
    main.o(i.Error_Handler) refers to main.o(i.LED_Blinking) for LED_Blinking
    main.o(i.Error_Handler) refers to main.o(.data) for .data
    main.o(i.LED_Blinking) refers to stm32l0xx_hal_gpio.o(i.HAL_GPIO_TogglePin) for HAL_GPIO_TogglePin
    main.o(i.LED_Blinking) refers to stm32l0xx_hal.o(i.HAL_Delay) for HAL_Delay
    main.o(i.STM32_SHA256_HMAC_Compute) refers to crypto.o(i.HMAC_SHA256_Init) for HMAC_SHA256_Init
    main.o(i.STM32_SHA256_HMAC_Compute) refers to crypto.o(i.HMAC_SHA256_Append) for HMAC_SHA256_Append
    main.o(i.STM32_SHA256_HMAC_Compute) refers to crypto.o(i.HMAC_SHA256_Finish) for HMAC_SHA256_Finish
    main.o(i.Show_Message) refers to printfa.o(i.__0printf) for __2printf
    main.o(i.Show_Message) refers to adxl362.o(i.ADXL362RegisterRead) for ADXL362RegisterRead
    main.o(i.Show_Message) refers to stm32l0xx_hal_gpio.o(i.HAL_GPIO_WritePin) for HAL_GPIO_WritePin
    main.o(i.Show_Message) refers to stm32l0xx_hal.o(i.HAL_Delay) for HAL_Delay
    main.o(i.SystemClock_Config) refers to memseta.o(.text) for __aeabi_memclr4
    main.o(i.SystemClock_Config) refers to stm32l0xx_hal_pwr.o(i.HAL_PWR_EnableBkUpAccess) for HAL_PWR_EnableBkUpAccess
    main.o(i.SystemClock_Config) refers to stm32l0xx_hal_rcc.o(i.HAL_RCC_OscConfig) for HAL_RCC_OscConfig
    main.o(i.SystemClock_Config) refers to stm32l0xx_hal_rcc.o(i.HAL_RCC_ClockConfig) for HAL_RCC_ClockConfig
    main.o(i.SystemClock_Config) refers to stm32l0xx_hal_rcc_ex.o(i.HAL_RCCEx_PeriphCLKConfig) for HAL_RCCEx_PeriphCLKConfig
    main.o(i.SystemClock_Config) refers to main.o(i.Error_Handler) for Error_Handler
    main.o(i.System_Initial) refers to nbiot.o(i.vcc_bc26_power_ctrl) for vcc_bc26_power_ctrl
    main.o(i.System_Initial) refers to gnss.o(i.gps_power) for gps_power
    main.o(i.System_Initial) refers to stm32l0xx_hal_adc.o(i.HAL_ADC_DeInit) for HAL_ADC_DeInit
    main.o(i.System_Initial) refers to main.o(i.Error_Handler) for Error_Handler
    main.o(i.System_Initial) refers to lptim.o(i.Pregnant_Time_Init) for Pregnant_Time_Init
    main.o(i.System_Initial) refers to lptim.o(i.WakeUp_Time_Init) for WakeUp_Time_Init
    main.o(i.System_Initial) refers to lptim.o(i.LPTIM1_Counter_Start_IT) for LPTIM1_Counter_Start_IT
[...]
    .constdata                               0x0800b870   Section     7012  crypto.o(.constdata)
    table_reduction8                         0x0800c29c   Data         512  crypto.o(.constdata)
    table_reduction4                         0x0800c49c   Data          32  crypto.o(.constdata)
    sha512_K                                 0x0800cdc0   Data         640  crypto.o(.constdata)
    tau                                      0x0800d050   Data          16  crypto.o(.constdata)
    m                                        0x0800d060   Data          32  crypto.o(.constdata)
    mu                                       0x0800d080   Data          36  crypto.o(.constdata)
    ge25519_ecd                              0x0800d0a4   Data          32  crypto.o(.constdata)
    ge25519_ec2d                             0x0800d144   Data          32  crypto.o(.constdata)
    ge25519_sqrtm1                           0x0800d164   Data          32  crypto.o(.constdata)
    pad                                      0x0800d1f4   Data          64  crypto.o(.constdata)
    .constdata                               0x0800d3d8   Section      136  pow.o(.constdata)
    bp                                       0x0800d3d8   Data          16  pow.o(.constdata)
    dp_h                                     0x0800d3e8   Data          16  pow.o(.constdata)
    dp_l                                     0x0800d3f8   Data          16  pow.o(.constdata)
    L                                        0x0800d408   Data          48  pow.o(.constdata)
    P                                        0x0800d438   Data          40  pow.o(.constdata)
    .constdata                               0x0800d460   Section        8  qnan.o(.constdata)
    .constdata                               0x0800d468   Section       64  ctype_c.o(.constdata)
    .conststring                             0x0800d4a8   Section      153  gnss.o(.conststring)
    .conststring                             0x0800d544   Section     7055  mqtt.o(.conststring)
    .data                                    0x20000000   Section        1  main.o(.data)
    .data                                    0x20000001   Section        8  lptim.o(.data)
    .data                                    0x20000009   Section        4  rtc.o(.data)
    .data                                    0x2000000e   Section        2  adxl362.o(.data)
    temp                                     0x2000000e   Data           2  adxl362.o(.data)
    .data                                    0x20000010   Section        1  adxl362.o(.data)
    .data                                    0x20000014   Section        8  gnss.o(.data)
    old_pos                                  0x20000018   Data           4  gnss.o(.data)
    .data                                    0x2000001c   Section       12  nbiot.o(.data)
    nbiot_time_1s                            0x20000020   Data           4  nbiot.o(.data)
    nbiot_time_10s                           0x20000024   Data           4  nbiot.o(.data)
    .data                                    0x20000028   Section        2  nbiot.o(.data)
    .data                                    0x2000002a   Section        3  nbiot.o(.data)
    .data                                    0x2000002d   Section        1  nbiot.o(.data)
    .data                                    0x20000030   Section       12  stm32l0xx_hal.o(.data)
    .data                                    0x2000003c   Section        4  system_stm32l0xx.o(.data)
    .data                                    0x20000040   Section        4  strtok.o(.data)
    state                                    0x20000040   Data           4  strtok.o(.data)
    .data                                    0x20000044   Section        4  stdout.o(.data)
    .data                                    0x20000048   Section        4  mvars.o(.data)
    .data                                    0x2000004c   Section        4  mvars.o(.data)
    .data                                    0x20000050   Section        4  errno.o(.data)
    _errno                                   0x20000050   Data           4  errno.o(.data)
    .bss                                     0x20000054   Section      164  adc.o(.bss)
    .bss                                     0x200000f8   Section       20  rtc.o(.bss)
    .bss                                     0x2000010c   Section       10  rtc.o(.bss)
    .bss                                     0x20000118   Section       36  rtc.o(.bss)
    .bss                                     0x2000013c   Section     5454  adxl362.o(.bss)
    xAxis                                    0x2000013c   Data         256  adxl362.o(.bss)
    yAxis                                    0x2000023c   Data         256  adxl362.o(.bss)
    zAxis                                    0x2000033c   Data         256  adxl362.o(.bss)
    sq                                       0x2000043c   Data         512  adxl362.o(.bss)
    .bss                                     0x20001690   Section     1400  gnss.o(.bss)
    gps_usart_rx_dma_buffer                  0x20001690   Data         512  gnss.o(.bss)
    .bss                                     0x20001c08   Section     3608  nbiot.o(.bss)
    .bss                                     0x20002a20   Section       19  nbiot.o(.bss)
    .bss                                     0x20002a34   Section       24  stm32l0xx_hal_flash.o(.bss)
    HEAP                                     0x20002a50   Section     3072  startup_stm32l071xx.o(HEAP)
    STACK                                    0x20003650   Section     4096  startup_stm32l071xx.o(STACK)

    Global Symbols

    Symbol Name                              Value     Ov Type        Size  Object(Section)

    BuildAttributes$$THM_ISAv3M$S$PE$A:L22$X:L11$S22$IEEE1$IW$USESV6$~STKCKD$USESV7$~SHL$OTIME$ROPI$IEEEX$EBA8$MICROLIB$REQ8$PRES8$EABIv2 0x00000000   Number         0  anon$$obj.o ABSOLUTE
    __ARM_use_no_argv                        0x00000000   Number         0  main.o ABSOLUTE
    _printf_a                                0x00000000   Number         0  stubs.o ABSOLUTE
    _printf_c                                0x00000000   Number         0  stubs.o ABSOLUTE
    _printf_charcount                        0x00000000   Number         0  stubs.o ABSOLUTE
    _printf_d                                0x00000000   Number         0  stubs.o ABSOLUTE
    _printf_e                                0x00000000   Number         0  stubs.o ABSOLUTE
    _printf_f                                0x00000000   Number         0  stubs.o ABSOLUTE
    _printf_flags                            0x00000000   Number         0  stubs.o ABSOLUTE
    _printf_fp_dec                           0x00000000   Number         0  stubs.o ABSOLUTE
    _printf_fp_hex                           0x00000000   Number         0  stubs.o ABSOLUTE
    _printf_g                                0x00000000   Number         0  stubs.o ABSOLUTE
    _printf_i                                0x00000000   Number         0  stubs.o ABSOLUTE
    _printf_int_dec                          0x00000000   Number         0  stubs.o ABSOLUTE
    _printf_l                                0x00000000   Number         0  stubs.o ABSOLUTE
    _printf_lc                               0x00000000   Number         0  stubs.o ABSOLUTE
    _printf_ll                               0x00000000   Number         0  stubs.o ABSOLUTE
    _printf_lld                              0x00000000   Number         0  stubs.o ABSOLUTE
    _printf_lli                              0x00000000   Number         0  stubs.o ABSOLUTE
    _printf_llo                              0x00000000   Number         0  stubs.o ABSOLUTE
    _printf_llu                              0x00000000   Number         0  stubs.o ABSOLUTE
    _printf_llx                              0x00000000   Number         0  stubs.o ABSOLUTE
    _printf_longlong_dec                     0x00000000   Number         0  stubs.o ABSOLUTE
    _printf_longlong_hex                     0x00000000   Number         0  stubs.o ABSOLUTE
    _printf_longlong_oct                     0x00000000   Number         0  stubs.o ABSOLUTE
    _printf_ls                               0x00000000   Number         0  stubs.o ABSOLUTE
    _printf_mbtowc                           0x00000000   Number         0  stubs.o ABSOLUTE
    _printf_n                                0x00000000   Number         0  stubs.o ABSOLUTE
    _printf_o                                0x00000000   Number         0  stubs.o ABSOLUTE
    _printf_p                                0x00000000   Number         0  stubs.o ABSOLUTE
    _printf_percent                          0x00000000   Number         0  stubs.o ABSOLUTE
    _printf_pre_padding                      0x00000000   Number         0  stubs.o ABSOLUTE
    _printf_return_value                     0x00000000   Number         0  stubs.o ABSOLUTE
    _printf_s                                0x00000000   Number         0  stubs.o ABSOLUTE
    _printf_sizespec                         0x00000000   Number         0  stubs.o ABSOLUTE
    _printf_str                              0x00000000   Number         0  stubs.o ABSOLUTE
    _printf_truncate_signed                  0x00000000   Number         0  stubs.o ABSOLUTE
    _printf_truncate_unsigned                0x00000000   Number         0  stubs.o ABSOLUTE
    _printf_u                                0x00000000   Number         0  stubs.o ABSOLUTE
    _printf_wc                               0x00000000   Number         0  stubs.o ABSOLUTE
    _printf_wctomb                           0x00000000   Number         0  stubs.o ABSOLUTE
    _printf_widthprec                        0x00000000   Number         0  stubs.o ABSOLUTE
    _printf_x                                0x00000000   Number         0  stubs.o ABSOLUTE
    __cpp_initialize__aeabi_                  - Undefined Weak Reference
    __cxa_finalize                            - Undefined Weak Reference
    __decompress                              - Undefined Weak Reference
    _clock_init                               - Undefined Weak Reference
    _microlib_exit                            - Undefined Weak Reference
    _scanf_longlong                           - Undefined Weak Reference
    __Vectors_Size                           0x000000c0   Number         0  startup_stm32l071xx.o ABSOLUTE
    __Vectors                                0x08000000   Data           4  startup_stm32l071xx.o(RESET)
    __Vectors_End                            0x080000c0   Data           0  startup_stm32l071xx.o(RESET)
    __main                                   0x080000c1   Thumb Code     0  entry.o(.ARM.Collect$$$$00000000)
    _main_stk                                0x080000c1   Thumb Code     0  entry2.o(.ARM.Collect$$$$00000001)
    _main_scatterload                        0x080000c5   Thumb Code     0  entry5.o(.ARM.Collect$$$$00000004)
    __main_after_scatterload                 0x080000c9   Thumb Code     0  entry5.o(.ARM.Collect$$$$00000004)
    _main_clock                              0x080000c9   Thumb Code     0  entry7b.o(.ARM.Collect$$$$00000008)
    _main_cpp_init                           0x080000c9   Thumb Code     0  entry8b.o(.ARM.Collect$$$$0000000A)
    _main_init                               0x080000c9   Thumb Code     0  entry9a.o(.ARM.Collect$$$$0000000B)
    __rt_final_cpp                           0x080000d1   Thumb Code     0  entry10a.o(.ARM.Collect$$$$0000000D)
    __rt_final_exit                          0x080000d1   Thumb Code     0  entry11a.o(.ARM.Collect$$$$0000000F)
    Reset_Handler                            0x080000d5   Thumb Code     8  startup_stm32l071xx.o(.text)
    DMA1_Channel1_IRQHandler                 0x080000e7   Thumb Code     0  startup_stm32l071xx.o(.text)
    DMA1_Channel4_5_6_7_IRQHandler           0x080000e7   Thumb Code     0  startup_stm32l071xx.o(.text)
    EXTI0_1_IRQHandler                       0x080000e7   Thumb Code     0  startup_stm32l071xx.o(.text)
    EXTI2_3_IRQHandler                       0x080000e7   Thumb Code     0  startup_stm32l071xx.o(.text)
    FLASH_IRQHandler                         0x080000e7   Thumb Code     0  startup_stm32l071xx.o(.text)
    I2C1_IRQHandler                          0x080000e7   Thumb Code     0  startup_stm32l071xx.o(.text)
    I2C2_IRQHandler                          0x080000e7   Thumb Code     0  startup_stm32l071xx.o(.text)
    I2C3_IRQHandler                          0x080000e7   Thumb Code     0  startup_stm32l071xx.o(.text)
    PVD_IRQHandler                           0x080000e7   Thumb Code     0  startup_stm32l071xx.o(.text)
    RCC_IRQHandler                           0x080000e7   Thumb Code     0  startup_stm32l071xx.o(.text)
    SPI1_IRQHandler                          0x080000e7   Thumb Code     0  startup_stm32l071xx.o(.text)
    SPI2_IRQHandler                          0x080000e7   Thumb Code     0  startup_stm32l071xx.o(.text)
    TIM21_IRQHandler                         0x080000e7   Thumb Code     0  startup_stm32l071xx.o(.text)
    TIM22_IRQHandler                         0x080000e7   Thumb Code     0  startup_stm32l071xx.o(.text)
    TIM2_IRQHandler                          0x080000e7   Thumb Code     0  startup_stm32l071xx.o(.text)
    TIM3_IRQHandler                          0x080000e7   Thumb Code     0  startup_stm32l071xx.o(.text)
    TIM6_IRQHandler                          0x080000e7   Thumb Code     0  startup_stm32l071xx.o(.text)
    TIM7_IRQHandler                          0x080000e7   Thumb Code     0  startup_stm32l071xx.o(.text)
    USART2_IRQHandler                        0x080000e7   Thumb Code     0  startup_stm32l071xx.o(.text)
    USART4_5_IRQHandler                      0x080000e7   Thumb Code     0  startup_stm32l071xx.o(.text)
    WWDG_IRQHandler                          0x080000e7   Thumb Code     0  startup_stm32l071xx.o(.text)
    __aeabi_uidiv                            0x080000f1   Thumb Code     0  uidiv.o(.text)
    __aeabi_uidivmod                         0x080000f1   Thumb Code    44  uidiv.o(.text)
    __aeabi_uldivmod                         0x0800011d   Thumb Code    96  uldiv.o(.text)
    __aeabi_lmul                             0x0800017d   Thumb Code   122  llmul.o(.text)
    _ll_mul                                  0x0800017d   Thumb Code     0  llmul.o(.text)
    ___aeabi_memcpy8$move                    0x080001f7   Thumb Code     0  memmovea.o(.text)
    __aeabi_memcpy                           0x080001f7   Thumb Code    64  memmovea.o(.text)
    __aeabi_memcpy4                          0x080001f7   Thumb Code     0  memmovea.o(.text)
    __aeabi_memmove                          0x080001f7   Thumb Code     0  memmovea.o(.text)
    __aeabi_memmove4                         0x080001f7   Thumb Code     0  memmovea.o(.text)
    __aeabi_memmove8                         0x080001f7   Thumb Code     0  memmovea.o(.text)
    __aeabi_memset                           0x08000237   Thumb Code    14  memseta.o(.text)
    __aeabi_memset4                          0x08000237   Thumb Code     0  memseta.o(.text)
    __aeabi_memset8                          0x08000237   Thumb Code     0  memseta.o(.text)
    __aeabi_memclr                           0x08000245   Thumb Code     4  memseta.o(.text)
    __aeabi_memclr4                          0x08000245   Thumb Code     0  memseta.o(.text)
    __aeabi_memclr8                          0x08000245   Thumb Code     0  memseta.o(.text)
    _memset$wrapper                          0x08000249   Thumb Code    18  memseta.o(.text)
    strstr                                   0x0800025b   Thumb Code    40  strstr.o(.text)
    strncpy                                  0x08000283   Thumb Code    26  strncpy.o(.text)
    strlen                                   0x0800029d   Thumb Code    14  strlen.o(.text)
    strcmp                                   0x080002ab   Thumb Code    28  strcmp.o(.text)
    strcpy                                   0x080002c7   Thumb Code    18  strcpy.o(.text)
    strtok                                   0x080002d9   Thumb Code    68  strtok.o(.text)
    __0sscanf                                0x08000321   Thumb Code    50  __0sscanf.o(.text)
    _scanf_int                               0x0800035d   Thumb Code   330  _scanf_int.o(.text)
    _scanf_string                            0x080004a7   Thumb Code   232  _scanf_str.o(.text)
    _scanf_real                              0x080006af   Thumb Code     0  scanf_fp.o(.text)
    _scanf_really_real                       0x080006af   Thumb Code   586  scanf_fp.o(.text)
    __aeabi_dadd                             0x08000905   Thumb Code   328  dadd.o(.text)
    __aeabi_dsub                             0x08000a4d   Thumb Code    12  dadd.o(.text)
    __aeabi_drsub                            0x08000a59   Thumb Code    12  dadd.o(.text)
    __aeabi_i2d                              0x08000a69   Thumb Code    34  dflti.o(.text)
    __aeabi_f2d                              0x08000a91   Thumb Code    40  f2d.o(.text)
    __aeabi_d2f                              0x08000ab9   Thumb Code    56  d2f.o(.text)
    __aeabi_cfrcmple                         0x08000af1   Thumb Code    20  cfrcmple.o(.text)
    __aeabi_llsl                             0x08000b05   Thumb Code    32  llshl.o(.text)
    _ll_shift_l                              0x08000b05   Thumb Code     0  llshl.o(.text)
    __aeabi_llsr                             0x08000b25   Thumb Code    34  llushr.o(.text)
    _ll_ushift_r                             0x08000b25   Thumb Code     0  llushr.o(.text)
    __aeabi_lasr                             0x08000b47   Thumb Code    38  llsshr.o(.text)
    _ll_sshift_r                             0x08000b47   Thumb Code     0  llsshr.o(.text)
    _chval                                   0x08000b6d   Thumb Code    30  _chval.o(.text)
    __vfscanf_char                           0x08000b99   Thumb Code    24  scanf_char.o(.text)
    _sgetc                                   0x08000bb9   Thumb Code    32  _sgetc.o(.text)
    _sbackspace                              0x08000bd9   Thumb Code    36  _sgetc.o(.text)
    __I$use$fp                               0x08000bfd   Thumb Code     0  iusefp.o(.text)
    _float_round                             0x08000bfd   Thumb Code    16  fepilogue.o(.text)
    _float_epilogue                          0x08000c0d   Thumb Code   114  fepilogue.o(.text)
    _double_round                            0x08000c7f   Thumb Code    26  depilogue.o(.text)
    _double_epilogue                         0x08000c99   Thumb Code   164  depilogue.o(.text)
    __aeabi_dmul                             0x08000d3d   Thumb Code   202  dmul.o(.text)
    __aeabi_ddiv                             0x08000e0d   Thumb Code   234  ddiv.o(.text)
    __ARM_scalbn                             0x08000efd   Thumb Code    44  dscalb.o(.text)
    scalbn                                   0x08000efd   Thumb Code     0  dscalb.o(.text)
    _dsqrt                                   0x08000f29   Thumb Code   162  dsqrt.o(.text)
    __aeabi_ul2d                             0x08000fcd   Thumb Code    22  dfltul.o(.text)
    __aeabi_d2ulz                            0x08000fe9   Thumb Code    54  dfixul.o(.text)
    __aeabi_cdrcmple                         0x08001029   Thumb Code    38  cdrcmple.o(.text)
    __scatterload                            0x08001051   Thumb Code    28  init.o(.text)
    __scatterload_rt2                        0x08001051   Thumb Code     0  init.o(.text)
    isspace                                  0x08001075   Thumb Code    14  isspace_c.o(.text)
    __vfscanf                                0x08001085   Thumb Code   812  _scanf.o(.text)
    __ctype_lookup                           0x080013bd   Thumb Code    32  ctype_c.o(.text)
    ADC1_COMP_IRQHandler                     0x080013e1   Thumb Code    10  stm32l0xx_it.o(i.ADC1_COMP_IRQHandler)
    ADXL362FifoProcess                       0x0800152d   Thumb Code   812  adxl362.o(i.ADXL362FifoProcess)
    ADXL362FifoRead                          0x080018bd   Thumb Code    58  adxl362.o(i.ADXL362FifoRead)
    ADXL362RegisterRead                      0x080018fd   Thumb Code    64  adxl362.o(i.ADXL362RegisterRead)
    ADXL362RegisterWrite                     0x08001941   Thumb Code    62  adxl362.o(i.ADXL362RegisterWrite)
    ADXL362_Init                             0x08001985   Thumb Code   514  adxl362.o(i.ADXL362_Init)
    DATAEEPROM_Program                       0x08001c99   Thumb Code    62  main.o(i.DATAEEPROM_Program)
    DATAEEPROM_Read                          0x08001ce1   Thumb Code     4  main.o(i.DATAEEPROM_Read)
    DMA1_Channel2_3_IRQHandler               0x08001ce5   Thumb Code    74  stm32l0xx_it.o(i.DMA1_Channel2_3_IRQHandler)
    EXTI4_15_IRQHandler                      0x08001d3d   Thumb Code    66  stm32l0xx_it.o(i.EXTI4_15_IRQHandler)
    Enable_LPUART1                           0x08001d95   Thumb Code    28  usart.o(i.Enable_LPUART1)
    Enable_SPI                               0x08001db5   Thumb Code    64  spi.o(i.Enable_SPI)
    Error_Handler                            0x08001df5   Thumb Code    24  main.o(i.Error_Handler)
    FLASH_WaitForLastOperation               0x08001ea1   Thumb Code   106  stm32l0xx_hal_flash.o(i.FLASH_WaitForLastOperation)
    GetRTC                                   0x08001f11   Thumb Code    58  rtc.o(i.GetRTC)
    HAL_ADC_ConfigChannel                    0x08001f71   Thumb Code   140  stm32l0xx_hal_adc.o(i.HAL_ADC_ConfigChannel)
    HAL_ADC_ConvCpltCallback                 0x08002005   Thumb Code    26  adc.o(i.HAL_ADC_ConvCpltCallback)
    HAL_ADC_DeInit                           0x08002025   Thumb Code   164  stm32l0xx_hal_adc.o(i.HAL_ADC_DeInit)
    HAL_ADC_ErrorCallback                    0x080020d9   Thumb Code     2  stm32l0xx_hal_adc.o(i.HAL_ADC_ErrorCallback)
    HAL_ADC_GetValue                         0x080020db   Thumb Code     6  stm32l0xx_hal_adc.o(i.HAL_ADC_GetValue)
    HAL_ADC_IRQHandler                       0x080020e1   Thumb Code   216  stm32l0xx_hal_adc.o(i.HAL_ADC_IRQHandler)
    HAL_ADC_Init                             0x080021b9   Thumb Code   446  stm32l0xx_hal_adc.o(i.HAL_ADC_Init)
    HAL_ADC_LevelOutOfWindowCallback         0x08002381   Thumb Code     2  stm32l0xx_hal_adc.o(i.HAL_ADC_LevelOutOfWindowCallback)
    HAL_ADC_MspDeInit                        0x08002385   Thumb Code    38  adc.o(i.HAL_ADC_MspDeInit)
    HAL_ADC_MspInit                          0x080023b5   Thumb Code    88  adc.o(i.HAL_ADC_MspInit)
    HAL_ADC_Start_IT                         0x08002415   Thumb Code   120  stm32l0xx_hal_adc.o(i.HAL_ADC_Start_IT)
    HAL_Delay                                0x08002491   Thumb Code    32  stm32l0xx_hal.o(i.HAL_Delay)
    HAL_FLASHEx_DATAEEPROM_DisableFixedTimeProgram 0x080024b5   Thumb Code    12  stm32l0xx_hal_flash_ex.o(i.HAL_FLASHEx_DATAEEPROM_DisableFixedTimeProgram)
    HAL_FLASHEx_DATAEEPROM_EnableFixedTimeProgram 0x080024c5   Thumb Code    12  stm32l0xx_hal_flash_ex.o(i.HAL_FLASHEx_DATAEEPROM_EnableFixedTimeProgram)
    HAL_FLASHEx_DATAEEPROM_Erase             0x080024d5   Thumb Code    30  stm32l0xx_hal_flash_ex.o(i.HAL_FLASHEx_DATAEEPROM_Erase)
    HAL_FLASHEx_DATAEEPROM_Lock              0x080024fd   Thumb Code    14  stm32l0xx_hal_flash_ex.o(i.HAL_FLASHEx_DATAEEPROM_Lock)
    HAL_FLASHEx_DATAEEPROM_Program           0x08002511   Thumb Code    76  stm32l0xx_hal_flash_ex.o(i.HAL_FLASHEx_DATAEEPROM_Program)
    HAL_FLASHEx_DATAEEPROM_Unlock            0x08002565   Thumb Code    40  stm32l0xx_hal_flash_ex.o(i.HAL_FLASHEx_DATAEEPROM_Unlock)
    HAL_GPIO_DeInit                          0x08002599   Thumb Code   212  stm32l0xx_hal_gpio.o(i.HAL_GPIO_DeInit)
    HAL_GPIO_Init                            0x08002689   Thumb Code   356  stm32l0xx_hal_gpio.o(i.HAL_GPIO_Init)
    HAL_GPIO_TogglePin                       0x0800280d   Thumb Code    16  stm32l0xx_hal_gpio.o(i.HAL_GPIO_TogglePin)
    HAL_GPIO_WritePin                        0x0800281d   Thumb Code    12  stm32l0xx_hal_gpio.o(i.HAL_GPIO_WritePin)
    HAL_GetTick                              0x08002829   Thumb Code     6  stm32l0xx_hal.o(i.HAL_GetTick)
    HAL_IncTick                              0x08002835   Thumb Code    12  stm32l0xx_hal.o(i.HAL_IncTick)
    HAL_Init                                 0x08002845   Thumb Code    36  stm32l0xx_hal.o(i.HAL_Init)
    HAL_InitTick                             0x0800286d   Thumb Code    58  stm32l0xx_hal.o(i.HAL_InitTick)
    HAL_MspInit                              0x080028b1   Thumb Code    20  stm32l0xx_hal_msp.o(i.HAL_MspInit)
    HAL_NVIC_DisableIRQ                      0x080028c9   Thumb Code    26  stm32l0xx_hal_cortex.o(i.HAL_NVIC_DisableIRQ)
    HAL_NVIC_EnableIRQ                       0x080028e9   Thumb Code    18  stm32l0xx_hal_cortex.o(i.HAL_NVIC_EnableIRQ)
    HAL_NVIC_SetPriority                     0x08002901   Thumb Code     8  stm32l0xx_hal_cortex.o(i.HAL_NVIC_SetPriority)
    HAL_PWR_EnableBkUpAccess                 0x08002909   Thumb Code    12  stm32l0xx_hal_pwr.o(i.HAL_PWR_EnableBkUpAccess)
    HAL_RCCEx_PeriphCLKConfig                0x08002919   Thumb Code   362  stm32l0xx_hal_rcc_ex.o(i.HAL_RCCEx_PeriphCLKConfig)
    HAL_RCC_ClockConfig                      0x08002a91   Thumb Code   386  stm32l0xx_hal_rcc.o(i.HAL_RCC_ClockConfig)
    HAL_RCC_GetSysClockFreq                  0x08002c2d   Thumb Code   108  stm32l0xx_hal_rcc.o(i.HAL_RCC_GetSysClockFreq)
    HAL_RCC_OscConfig                        0x08002ca5   Thumb Code  1074  stm32l0xx_hal_rcc.o(i.HAL_RCC_OscConfig)
    HAL_RTCEx_SetWakeUpTimer_IT              0x080030d9   Thumb Code   238  stm32l0xx_hal_rtc_ex.o(i.HAL_RTCEx_SetWakeUpTimer_IT)
    HAL_RTCEx_WakeUpTimerEventCallback       0x080031d1   Thumb Code    12  rtc.o(i.HAL_RTCEx_WakeUpTimerEventCallback)
    HAL_RTCEx_WakeUpTimerIRQHandler          0x080031e1   Thumb Code    48  stm32l0xx_hal_rtc_ex.o(i.HAL_RTCEx_WakeUpTimerIRQHandler)
    HAL_RTC_GetDate                          0x08003219   Thumb Code    68  stm32l0xx_hal_rtc.o(i.HAL_RTC_GetDate)
    HAL_RTC_GetTime                          0x0800325d   Thumb Code    88  stm32l0xx_hal_rtc.o(i.HAL_RTC_GetTime)
    HAL_RTC_Init                             0x080032b9   Thumb Code   184  stm32l0xx_hal_rtc.o(i.HAL_RTC_Init)
    HAL_RTC_MspInit                          0x08003375   Thumb Code    40  rtc.o(i.HAL_RTC_MspInit)
    HAL_RTC_SetDate                          0x080033a5   Thumb Code   190  stm32l0xx_hal_rtc.o(i.HAL_RTC_SetDate)
    HAL_RTC_SetTime                          0x08003469   Thumb Code   228  stm32l0xx_hal_rtc.o(i.HAL_RTC_SetTime)
    HAL_RTC_WaitForSynchro                   0x08003551   Thumb Code    52  stm32l0xx_hal_rtc.o(i.HAL_RTC_WaitForSynchro)
    HAL_SYSTICK_Config                       0x08003585   Thumb Code    38  stm32l0xx_hal_cortex.o(i.HAL_SYSTICK_Config)
    HMAC_SHA256_Append                       0x080035b5   Thumb Code    46  crypto.o(i.HMAC_SHA256_Append)
    HMAC_SHA256_Finish                       0x080035ed   Thumb Code   170  crypto.o(i.HMAC_SHA256_Finish)
    HMAC_SHA256_Init                         0x080036bd   Thumb Code   378  crypto.o(i.HMAC_SHA256_Init)
    HardFault_Handler                        0x08003865   Thumb Code     2  stm32l0xx_it.o(i.HardFault_Handler)
    LED_Blinking                             0x08003867   Thumb Code    22  main.o(i.LED_Blinking)
    LL_EXTI_Init                             0x0800398d   Thumb Code   156  stm32l0xx_ll_exti.o(i.LL_EXTI_Init)
    LL_GPIO_Init                             0x08003a41   Thumb Code   174  stm32l0xx_ll_gpio.o(i.LL_GPIO_Init)
    LL_LPUART_Init                           0x08003b61   Thumb Code   104  stm32l0xx_ll_lpuart.o(i.LL_LPUART_Init)
    LL_RCC_GetLPUARTClockFreq                0x08003bcd   Thumb Code    88  stm32l0xx_ll_rcc.o(i.LL_RCC_GetLPUARTClockFreq)
    LL_RCC_GetSystemClocksFreq               0x08003c31   Thumb Code    32  stm32l0xx_ll_rcc.o(i.LL_RCC_GetSystemClocksFreq)
    LL_RCC_GetUSARTClockFreq                 0x08003c51   Thumb Code   132  stm32l0xx_ll_rcc.o(i.LL_RCC_GetUSARTClockFreq)
    LL_SPI_Init                              0x08003d21   Thumb Code   102  stm32l0xx_ll_spi.o(i.LL_SPI_Init)
    LL_USART_Init                            0x08003dc1   Thumb Code   174  stm32l0xx_ll_usart.o(i.LL_USART_Init)
    LPTIM1_Counter_Start_IT                  0x08003e89   Thumb Code    44  lptim.o(i.LPTIM1_Counter_Start_IT)
    LPTIM1_IRQHandler                        0x08003ebd   Thumb Code    26  stm32l0xx_it.o(i.LPTIM1_IRQHandler)
    LPTimerAutoreloadMatch_Callback          0x08003edd   Thumb Code    68  lptim.o(i.LPTimerAutoreloadMatch_Callback)
    LPUART1_IRQHandler                       0x08003f41   Thumb Code    10  stm32l0xx_it.o(i.LPUART1_IRQHandler)
    MX_ADC_Init                              0x08003f51   Thumb Code   100  adc.o(i.MX_ADC_Init)
    MX_DMA_Init                              0x08003fc1   Thumb Code    40  dma.o(i.MX_DMA_Init)
    MX_GPIO_Init                             0x08003ff5   Thumb Code   630  gpio.o(i.MX_GPIO_Init)
    MX_IWDG_Init                             0x08004281   Thumb Code    30  iwdg.o(i.MX_IWDG_Init)
    MX_LPTIM1_Init                           0x080042b5   Thumb Code   100  lptim.o(i.MX_LPTIM1_Init)
    MX_LPUART1_UART_Init                     0x08004329   Thumb Code   128  usart.o(i.MX_LPUART1_UART_Init)
    MX_RTC_Init                              0x080043b1   Thumb Code   136  rtc.o(i.MX_RTC_Init)
    MX_SPI1_Init                             0x08004441   Thumb Code   160  spi.o(i.MX_SPI1_Init)
    MX_USART1_UART_Init                      0x080044ed   Thumb Code   226  usart.o(i.MX_USART1_UART_Init)
    NMI_Handler                              0x080045dd   Thumb Code     2  stm32l0xx_it.o(i.NMI_Handler)
    PendSV_Handler                           0x080045df   Thumb Code     2  stm32l0xx_it.o(i.PendSV_Handler)
    Pregnant_Time_Init                       0x080045e1   Thumb Code    14  lptim.o(i.Pregnant_Time_Init)
    RCC_GetHCLKClockFreq                     0x080045f5   Thumb Code    18  stm32l0xx_ll_rcc.o(i.RCC_GetHCLKClockFreq)
    RCC_GetPCLK1ClockFreq                    0x08004611   Thumb Code    16  stm32l0xx_ll_rcc.o(i.RCC_GetPCLK1ClockFreq)
    RCC_GetPCLK2ClockFreq                    0x08004629   Thumb Code    16  stm32l0xx_ll_rcc.o(i.RCC_GetPCLK2ClockFreq)
    RCC_GetSystemClockFreq                   0x08004641   Thumb Code    64  stm32l0xx_ll_rcc.o(i.RCC_GetSystemClockFreq)
    RCC_PLL_GetFreqDomain_SYS                0x08004695   Thumb Code    58  stm32l0xx_ll_rcc.o(i.RCC_PLL_GetFreqDomain_SYS)
    RTC_Bcd2ToByte                           0x080046e5   Thumb Code    16  stm32l0xx_hal_rtc.o(i.RTC_Bcd2ToByte)
    RTC_ByteToBcd2                           0x080046f5   Thumb Code    24  stm32l0xx_hal_rtc.o(i.RTC_ByteToBcd2)
    RTC_EnterInitMode                        0x0800470d   Thumb Code    56  stm32l0xx_hal_rtc.o(i.RTC_EnterInitMode)
    RTC_IRQHandler                           0x08004745   Thumb Code    10  stm32l0xx_it.o(i.RTC_IRQHandler)
    SHA256Final                              0x08004755   Thumb Code   418  crypto.o(i.SHA256Final)
    SHA256Update                             0x08004be9   Thumb Code   146  crypto.o(i.SHA256Update)
    SHA256_Finish                            0x08004c7d   Thumb Code   138  crypto.o(i.SHA256_Finish)
    SPI_ExchangeByte                         0x08004d15   Thumb Code    24  spi.o(i.SPI_ExchangeByte)
    STM32_SHA256_HMAC_Compute                0x08004d2d   Thumb Code    64  main.o(i.STM32_SHA256_HMAC_Compute)
    SVC_Handler                              0x08004d6d   Thumb Code     2  stm32l0xx_it.o(i.SVC_Handler)
    SetRTC                                   0x08004d71   Thumb Code    92  rtc.o(i.SetRTC)
    Show_Message                             0x08004dd1   Thumb Code   176  main.o(i.Show_Message)
    SpiFunction                              0x08004f41   Thumb Code    52  spi.o(i.SpiFunction)
    SysTick_Handler                          0x08004f75   Thumb Code     8  stm32l0xx_it.o(i.SysTick_Handler)
    SystemClock_Config                       0x08004f7d   Thumb Code   154  main.o(i.SystemClock_Config)
    SystemInit                               0x08005021   Thumb Code     2  system_stm32l0xx.o(i.SystemInit)
    System_Initial                           0x08005025   Thumb Code   192  main.o(i.System_Initial)
    USART1_IRQHandler                        0x08005121   Thumb Code    40  stm32l0xx_it.o(i.USART1_IRQHandler)
    WakeUp_Time_Init                         0x08005155   Thumb Code    90  lptim.o(i.WakeUp_Time_Init)
    __0printf                                0x080051e9   Thumb Code    24  printfa.o(i.__0printf)
    __1printf                                0x080051e9   Thumb Code     0  printfa.o(i.__0printf)
    __2printf                                0x080051e9   Thumb Code     0  printfa.o(i.__0printf)
    __c89printf                              0x080051e9   Thumb Code     0  printfa.o(i.__0printf)
    printf                                   0x080051e9   Thumb Code     0  printfa.o(i.__0printf)
    __0sprintf                               0x08005209   Thumb Code    36  printfa.o(i.__0sprintf)
    __1sprintf                               0x08005209   Thumb Code     0  printfa.o(i.__0sprintf)
    __2sprintf                               0x08005209   Thumb Code     0  printfa.o(i.__0sprintf)
    __c89sprintf                             0x08005209   Thumb Code     0  printfa.o(i.__0sprintf)
    sprintf                                  0x08005209   Thumb Code     0  printfa.o(i.__0sprintf)
    __ARM_clz                                0x08005231   Thumb Code    46  depilogue.o(i.__ARM_clz)
    __ARM_common_ll_muluu                    0x0800525f   Thumb Code    50  crypto.o(i.__ARM_common_ll_muluu)
    __ARM_common_switch8                     0x08005291   Thumb Code    26  lptim.o(i.__ARM_common_switch8)
    __ARM_fpclassify                         0x080052ad   Thumb Code    40  fpclassify.o(i.__ARM_fpclassify)
    __kernel_poly                            0x08005379   Thumb Code   172  poly.o(i.__kernel_poly)
    __mathlib_dbl_divzero                    0x08005425   Thumb Code    16  dunder.o(i.__mathlib_dbl_divzero)
    __mathlib_dbl_infnan2                    0x08005439   Thumb Code     8  dunder.o(i.__mathlib_dbl_infnan2)
    __mathlib_dbl_invalid                    0x08005441   Thumb Code    16  dunder.o(i.__mathlib_dbl_invalid)
    __mathlib_dbl_overflow                   0x08005451   Thumb Code    16  dunder.o(i.__mathlib_dbl_overflow)
    __mathlib_dbl_underflow                  0x08005465   Thumb Code    14  dunder.o(i.__mathlib_dbl_underflow)
    __scatterload_copy                       0x08005479   Thumb Code    14  handlers.o(i.__scatterload_copy)
    __scatterload_null                       0x08005487   Thumb Code     2  handlers.o(i.__scatterload_null)
    __scatterload_zeroinit                   0x08005489   Thumb Code    14  handlers.o(i.__scatterload_zeroinit)
    __set_errno                              0x08005499   Thumb Code     6  errno.o(i.__set_errno)
    _is_digit                                0x08005619   Thumb Code    14  scanf_fp.o(i._is_digit)
    adc_process                              0x08005d6d   Thumb Code   166  adc.o(i.adc_process)
    atc_addSearch                            0x08005e35   Thumb Code   106  atc.o(i.atc_addSearch)
    atc_alloc                                0x08005e9f   Thumb Code     8  atc.o(i.atc_alloc)
    atc_available                            0x08005ea7   Thumb Code    34  atc.o(i.atc_available)
    atc_command                              0x08005ec9   Thumb Code   282  atc.o(i.atc_command)
    atc_empty                                0x08005ff9   Thumb Code    24  atc.o(i.atc_empty)
    atc_free                                 0x08006011   Thumb Code    12  atc.o(i.atc_free)
    atc_init                                 0x0800601d   Thumb Code    72  atc.o(i.atc_init)
    atc_lock                                 0x0800607d   Thumb Code    64  atc.o(i.atc_lock)
    atc_loop                                 0x080060c5   Thumb Code    92  atc.o(i.atc_loop)
    atc_rxCallback                           0x0800612d   Thumb Code   104  atc.o(i.atc_rxCallback)
    atc_search                               0x08006199   Thumb Code    62  atc.o(i.atc_search)
    atc_searchAnswer                         0x080061e1   Thumb Code    76  atc.o(i.atc_searchAnswer)
    atc_transmit                             0x08006235   Thumb Code    66  atc.o(i.atc_transmit)
    dmp_mqttConParmGenerate                  0x08006279   Thumb Code   274  mqtt.o(i.dmp_mqttConParmGenerate)
    dmp_mqttTriadsInit                       0x0800642d   Thumb Code   168  mqtt.o(i.dmp_mqttTriadsInit)
    fputc                                    0x08006519   Thumb Code    12  usart.o(i.fputc)
    free                                     0x08006529   Thumb Code    80  malloc.o(i.free)
    gga_parser                               0x0800657d   Thumb Code   264  gnss.o(i.gga_parser)
    gps_deinit                               0x080066f1   Thumb Code    30  gnss.o(i.gps_deinit)
    gps_init                                 0x08006725   Thumb Code    24  gnss.o(i.gps_init)
    gps_loop                                 0x0800673d   Thumb Code    52  gnss.o(i.gps_loop)
    gps_power                                0x08006799   Thumb Code    46  gnss.o(i.gps_power)
    gps_process                              0x080067fd   Thumb Code    42  gnss.o(i.gps_process)
    gps_usart_init                           0x08006831   Thumb Code    94  gnss.o(i.gps_usart_init)
    gps_usart_process_data                   0x080068a1   Thumb Code   172  gnss.o(i.gps_usart_process_data)
    gps_usart_rxCallBack                     0x08006955   Thumb Code    78  gnss.o(i.gps_usart_rxCallBack)
    gps_waitForLocate                        0x080069b5   Thumb Code   102  gnss.o(i.gps_waitForLocate)
    l86_power_off                            0x08006a91   Thumb Code    16  gnss.o(i.l86_power_off)
    l86_power_on                             0x08006aa5   Thumb Code    14  gnss.o(i.l86_power_on)
    main                                     0x08006ab9   Thumb Code   494  main.o(i.main)
    malloc                                   0x08006ce5   Thumb Code    92  malloc.o(i.malloc)
    nbiot_callback_mqttDisconnect            0x08006d51   Thumb Code    10  nbiotcallback.o(i.nbiot_callback_mqttDisconnect)
    nbiot_callback_mqttMessage               0x08006d7d   Thumb Code    14  nbiotcallback.o(i.nbiot_callback_mqttMessage)
    nbiot_callback_networkRegister           0x08006dc1   Thumb Code    10  nbiotcallback.o(i.nbiot_callback_networkRegister)
    nbiot_callback_networkUnregister         0x08006de9   Thumb Code    10  nbiotcallback.o(i.nbiot_callback_networkUnregister)
    nbiot_callback_simcardNotInserted        0x08006e15   Thumb Code    10  nbiotcallback.o(i.nbiot_callback_simcardNotInserted)
    nbiot_callback_simcardPinRequest         0x08006e41   Thumb Code    10  nbiotcallback.o(i.nbiot_callback_simcardPinRequest)
    nbiot_callback_simcardPukRequest         0x08006e65   Thumb Code    10  nbiotcallback.o(i.nbiot_callback_simcardPukRequest)
    nbiot_callback_simcardReady              0x08006e89   Thumb Code    10  nbiotcallback.o(i.nbiot_callback_simcardReady)
    nbiot_clean                              0x08006eb1   Thumb Code    72  nbiot.o(i.nbiot_clean)
    nbiot_connect                            0x08006f39   Thumb Code   134  nbiot.o(i.nbiot_connect)
    nbiot_erase                              0x08007095   Thumb Code    24  nbiot.o(i.nbiot_erase)
    nbiot_found                              0x080070b5   Thumb Code   334  nbiot.o(i.nbiot_found)
    nbiot_getICCID                           0x08007295   Thumb Code   112  nbiot.o(i.nbiot_getICCID)
    nbiot_getIMEI                            0x080073a5   Thumb Code   112  nbiot.o(i.nbiot_getIMEI)
    nbiot_getIMSI                            0x080074ad   Thumb Code   112  nbiot.o(i.nbiot_getIMSI)
    nbiot_getSignalQuality_0_to_100          0x080075b1   Thumb Code   108  nbiot.o(i.nbiot_getSignalQuality_0_to_100)
    nbiot_getVOLTAGE                         0x080076e9   Thumb Code   112  nbiot.o(i.nbiot_getVOLTAGE)
    nbiot_init                               0x080077f5   Thumb Code   156  nbiot.o(i.nbiot_init)
    nbiot_init_commands                      0x080079b9   Thumb Code   148  nbiot.o(i.nbiot_init_commands)
    nbiot_lock                               0x08007ac1   Thumb Code    46  nbiot.o(i.nbiot_lock)
    nbiot_loop                               0x08007af5   Thumb Code   506  nbiot.o(i.nbiot_loop)
    nbiot_mqttClientOpen                     0x08007d79   Thumb Code   428  mqtt.o(i.nbiot_mqttClientOpen)
    nbiot_mqttConnect                        0x080080ed   Thumb Code   162  mqtt.o(i.nbiot_mqttConnect)
    nbiot_mqttDisConnect                     0x08008295   Thumb Code   118  mqtt.o(i.nbiot_mqttDisConnect)
    nbiot_mqttMessage                        0x080083d1   Thumb Code  6184  mqtt.o(i.nbiot_mqttMessage)
    nbiot_mqttPublish                        0x08009c15   Thumb Code   156  mqtt.o(i.nbiot_mqttPublish)
    nbiot_mqttTopic                          0x08009db9   Thumb Code   150  mqtt.o(i.nbiot_mqttTopic)
    nbiot_mqttTransmit                       0x08009fed   Thumb Code   580  mqtt.o(i.nbiot_mqttTransmit)
    nbiot_power                              0x0800a245   Thumb Code   234  nbiot.o(i.nbiot_power)
    nbiot_process                            0x0800a3b1   Thumb Code   176  nbiot.o(i.nbiot_process)
    nbiot_unlock                             0x0800a46d   Thumb Code     8  nbiot.o(i.nbiot_unlock)
    nbiot_waitForRegister                    0x0800a479   Thumb Code   104  nbiot.o(i.nbiot_waitForRegister)
    open_bc26                                0x0800a561   Thumb Code    48  nbiot.o(i.open_bc26)
    pow                                      0x0800a59d   Thumb Code  2548  pow.o(i.pow)
    rmc_parser                               0x0800af99   Thumb Code   778  gnss.o(i.rmc_parser)
    set_deviceInfo                           0x0800b3a9   Thumb Code   618  gnss.o(i.set_deviceInfo)
    sqrt                                     0x0800b77d   Thumb Code    66  sqrt.o(i.sqrt)
    vcc_bc26_power_ctrl                      0x0800b7c5   Thumb Code   100  nbiot.o(i.vcc_bc26_power_ctrl)
    AHBPrescTable                            0x0800b84d   Data          16  system_stm32l0xx.o(.constdata)
    PLLMulTable                              0x0800b85d   Data           9  system_stm32l0xx.o(.constdata)
    APBPrescTable                            0x0800b866   Data           8  system_stm32l0xx.o(.constdata)
    Sbox                                     0x0800b874   Data         256  crypto.o(.constdata)
    InvSbox                                  0x0800b974   Data         256  crypto.o(.constdata)
    rcon                                     0x0800ba74   Data          40  crypto.o(.constdata)
    enc_table                                0x0800ba9c   Data        1024  crypto.o(.constdata)
    dec_table                                0x0800be9c   Data        1024  crypto.o(.constdata)
    SP1                                      0x0800c4bc   Data         256  crypto.o(.constdata)
    SP2                                      0x0800c5bc   Data         256  crypto.o(.constdata)
    SP3                                      0x0800c6bc   Data         256  crypto.o(.constdata)
    SP4                                      0x0800c7bc   Data         256  crypto.o(.constdata)
    SP5                                      0x0800c8bc   Data         256  crypto.o(.constdata)
    SP6                                      0x0800c9bc   Data         256  crypto.o(.constdata)
    SP7                                      0x0800cabc   Data         256  crypto.o(.constdata)
    SP8                                      0x0800cbbc   Data         256  crypto.o(.constdata)
    K256                                     0x0800ccbc   Data         256  crypto.o(.constdata)
    sigma                                    0x0800d040   Data          16  crypto.o(.constdata)
    ge25519_base                             0x0800d0c4   Data         128  crypto.o(.constdata)
    __mathlib_zero                           0x0800d460   Data           8  qnan.o(.constdata)
    __ctype_categories                       0x0800d468   Data          64  ctype_c.o(.constdata)
    Region$$Table$$Base                      0x0800f0d4   Number         0  anon$$obj.o(Region$$Table)
    Region$$Table$$Limit                     0x0800f0f4   Number         0  anon$$obj.o(Region$$Table)
    ErrorIndex                               0x20000000   Data           1  main.o(.data)
    lptim                                    0x20000001   Data           8  lptim.o(.data)
    UTC_Date                                 0x20000009   Data           4  rtc.o(.data)
    freeFallDetection                        0x20000010   Data           1  adxl362.o(.data)
    strfoundsize                             0x20000014   Data           1  gnss.o(.data)
    gps_usart_rx_dma_index                   0x20000015   Data           3  gnss.o(.data)
    mqttMessageID                            0x2000001c   Data           2  nbiot.o(.data)
    gnss_status                              0x20000028   Data           2  nbiot.o(.data)
    freefall_status                          0x2000002a   Data           3  nbiot.o(.data)
    transProcessNum                          0x2000002d   Data           1  nbiot.o(.data)
    uwTickFreq                               0x20000030   Data           1  stm32l0xx_hal.o(.data)
    uwTickPrio                               0x20000034   Data           4  stm32l0xx_hal.o(.data)
    uwTick                                   0x20000038   Data           4  stm32l0xx_hal.o(.data)
    SystemCoreClock                          0x2000003c   Data           4  system_stm32l0xx.o(.data)
    __stdout                                 0x20000044   Data           4  stdout.o(.data)
    __microlib_freelist                      0x20000048   Data           4  mvars.o(.data)
    __microlib_freelist_initialised          0x2000004c   Data           4  mvars.o(.data)
    adc                                      0x20000054   Data          72  adc.o(.bss)
    hadc                                     0x2000009c   Data          92  adc.o(.bss)
    UTC_Time                                 0x200000f8   Data          20  rtc.o(.bss)
    UTC_Calendar                             0x2000010c   Data          10  rtc.o(.bss)
    hrtc                                     0x20000118   Data          36  rtc.o(.bss)
    fifo                                     0x2000063c   Data        1024  adxl362.o(.bss)
    step                                     0x20000a3c   Data        3150  adxl362.o(.bss)
    gps_valid_data                           0x20001890   Data          88  gnss.o(.bss)
    gps                                      0x200018e8   Data         672  gnss.o(.bss)
    strfound                                 0x20001b88   Data          64  gnss.o(.bss)
    dmp_eeprom                               0x20001bc8   Data          64  gnss.o(.bss)
    nbiot                                    0x20001c08   Data        3608  nbiot.o(.bss)
    pregant_status                           0x20002a20   Data          19  nbiot.o(.bss)
    pFlash                                   0x20002a34   Data          24  stm32l0xx_hal_flash.o(.bss)
    __heap_base                              0x20002a50   Data           0  startup_stm32l071xx.o(HEAP)
    __heap_limit                             0x20003650   Data           0  startup_stm32l071xx.o(HEAP)
    __initial_sp                             0x20004650   Data           0  startup_stm32l071xx.o(STACK)



==============================================================================

Memory Map of the image

  Image Entry point : 0x080000c1

  Load Region LR_IROM1 (Base: 0x08000000, Size: 0x0000f148, Max: 0x00020000, ABSOLUTE)

    Execution Region ER_IROM1 (Exec base: 0x08000000, Load base: 0x08000000, Size: 0x0000f0f4, Max: 0x00020000, ABSOLUTE)

    Exec Addr    Load Addr    Size         Type   Attr      Idx    E Section Name        Object

    0x08000000   0x08000000   0x000000c0   Data   RO            3    RESET               startup_stm32l071xx.o
    0x080000c0   0x080000c0   0x00000000   Code   RO         5235  * .ARM.Collect$$$$00000000  mc_p.l(entry.o)
    0x080000c0   0x080000c0   0x00000004   Code   RO         5600    .ARM.Collect$$$$00000001  mc_p.l(entry2.o)
    0x080000c4   0x080000c4   0x00000004   Code   RO         5603    .ARM.Collect$$$$00000004  mc_p.l(entry5.o)
    0x080000c8   0x080000c8   0x00000000   Code   RO         5605    .ARM.Collect$$$$00000008  mc_p.l(entry7b.o)
    0x080000c8   0x080000c8   0x00000000   Code   RO         5607    .ARM.Collect$$$$0000000A  mc_p.l(entry8b.o)
    0x080000c8   0x080000c8   0x00000008   Code   RO         5608    .ARM.Collect$$$$0000000B  mc_p.l(entry9a.o)
    0x080000d0   0x080000d0   0x00000000   Code   RO         5610    .ARM.Collect$$$$0000000D  mc_p.l(entry10a.o)
    0x080000d0   0x080000d0   0x00000000   Code   RO         5612    .ARM.Collect$$$$0000000F  mc_p.l(entry11a.o)
    0x080000d0   0x080000d0   0x00000004   Code   RO         5601    .ARM.Collect$$$$00002712  mc_p.l(entry2.o)
    0x080000d4   0x080000d4   0x0000001c   Code   RO            4    .text               startup_stm32l071xx.o
    0x080000f0   0x080000f0   0x0000002c   Code   RO         5238    .text               mc_p.l(uidiv.o)
    0x0800011c   0x0800011c   0x00000060   Code   RO         5242    .text               mc_p.l(uldiv.o)
    0x0800017c   0x0800017c   0x0000007a   Code   RO         5244    .text               mc_p.l(llmul.o)
    0x080001f6   0x080001f6   0x00000040   Code   RO         5248    .text               mc_p.l(memmovea.o)
    0x08000236   0x08000236   0x00000024   Code   RO         5250    .text               mc_p.l(memseta.o)
    0x0800025a   0x0800025a   0x00000028   Code   RO         5252    .text               mc_p.l(strstr.o)
    0x08000282   0x08000282   0x0000001a   Code   RO         5254    .text               mc_p.l(strncpy.o)
    0x0800029c   0x0800029c   0x0000000e   Code   RO         5256    .text               mc_p.l(strlen.o)
    0x080002aa   0x080002aa   0x0000001c   Code   RO         5258    .text               mc_p.l(strcmp.o)
    0x080002c6   0x080002c6   0x00000012   Code   RO         5260    .text               mc_p.l(strcpy.o)
    0x080002d8   0x080002d8   0x00000048   Code   RO         5262    .text               mc_p.l(strtok.o)
    0x08000320   0x08000320   0x0000003c   Code   RO         5561    .text               mc_p.l(__0sscanf.o)
    0x0800035c   0x0800035c   0x0000014a   Code   RO         5563    .text               mc_p.l(_scanf_int.o)
    0x080004a6   0x080004a6   0x000000e8   Code   RO         5565    .text               mc_p.l(_scanf_str.o)
    0x0800058e   0x0800058e   0x00000002   PAD
    0x08000590   0x08000590   0x00000374   Code   RO         5567    .text               mc_p.l(scanf_fp.o)
    0x08000904   0x08000904   0x00000164   Code   RO         5571    .text               mf_p.l(dadd.o)
    0x08000a68   0x08000a68   0x00000028   Code   RO         5573    .text               mf_p.l(dflti.o)
    0x08000a90   0x08000a90   0x00000028   Code   RO         5575    .text               mf_p.l(f2d.o)
    0x08000ab8   0x08000ab8   0x00000038   Code   RO         5577    .text               mf_p.l(d2f.o)
    0x08000af0   0x08000af0   0x00000014   Code   RO         5579    .text               mf_p.l(cfrcmple.o)
    0x08000b04   0x08000b04   0x00000020   Code   RO         5615    .text               mc_p.l(llshl.o)
    0x08000b24   0x08000b24   0x00000022   Code   RO         5617    .text               mc_p.l(llushr.o)
    0x08000b46   0x08000b46   0x00000026   Code   RO         5619    .text               mc_p.l(llsshr.o)
    0x08000b6c   0x08000b6c   0x0000001e   Code   RO         5630    .text               mc_p.l(_chval.o)
    0x08000b8a   0x08000b8a   0x00000002   PAD
    0x08000b8c   0x08000b8c   0x0000002c   Code   RO         5632    .text               mc_p.l(scanf_char.o)
    0x08000bb8   0x08000bb8   0x00000044   Code   RO         5634    .text               mc_p.l(_sgetc.o)
    0x08000bfc   0x08000bfc   0x00000000   Code   RO         5636    .text               mc_p.l(iusefp.o)
    0x08000bfc   0x08000bfc   0x00000082   Code   RO         5637    .text               mf_p.l(fepilogue.o)
    0x08000c7e   0x08000c7e   0x000000be   Code   RO         5639    .text               mf_p.l(depilogue.o)
    0x08000d3c   0x08000d3c   0x000000d0   Code   RO         5643    .text               mf_p.l(dmul.o)
    0x08000e0c   0x08000e0c   0x000000f0   Code   RO         5645    .text               mf_p.l(ddiv.o)
    0x08000efc   0x08000efc   0x0000002c   Code   RO         5647    .text               mf_p.l(dscalb.o)
    0x08000f28   0x08000f28   0x000000a2   Code   RO         5649    .text               mf_p.l(dsqrt.o)
    0x08000fca   0x08000fca   0x00000002   PAD
    0x08000fcc   0x08000fcc   0x0000001c   Code   RO         5651    .text               mf_p.l(dfltul.o)
    0x08000fe8   0x08000fe8   0x00000040   Code   RO         5653    .text               mf_p.l(dfixul.o)
    0x08001028   0x08001028   0x00000028   Code   RO         5657    .text               mf_p.l(cdrcmple.o)
    0x08001050   0x08001050   0x00000024   Code   RO         5659    .text               mc_p.l(init.o)
    0x08001074   0x08001074   0x0000000e   Code   RO         5661    .text               mc_p.l(isspace_c.o)
    0x08001082   0x08001082   0x00000002   PAD
    0x08001084   0x08001084   0x00000338   Code   RO         5663    .text               mc_p.l(_scanf.o)
    0x080013bc   0x080013bc   0x00000024   Code   RO         5665    .text               mc_p.l(ctype_c.o)
    0x080013e0   0x080013e0   0x00000010   Code   RO          985    i.ADC1_COMP_IRQHandler  stm32l0xx_it.o
    0x080013f0   0x080013f0   0x00000052   Code   RO         1811    i.ADC_ConversionStop  stm32l0xx_hal_adc.o
    0x08001442   0x08001442   0x00000002   PAD
    0x08001444   0x08001444   0x00000024   Code   RO         1815    i.ADC_DelayMicroSecond  stm32l0xx_hal_adc.o
    0x08001468   0x08001468   0x00000060   Code   RO         1816    i.ADC_Disable       stm32l0xx_hal_adc.o
    0x080014c8   0x080014c8   0x00000064   Code   RO         1817    i.ADC_Enable        stm32l0xx_hal_adc.o
    0x0800152c   0x0800152c   0x00000390   Code   RO         1117    i.ADXL362FifoProcess  adxl362.o
    0x080018bc   0x080018bc   0x00000040   Code   RO         1118    i.ADXL362FifoRead   adxl362.o
    0x080018fc   0x080018fc   0x00000044   Code   RO         1119    i.ADXL362RegisterRead  adxl362.o
    0x08001940   0x08001940   0x00000044   Code   RO         1120    i.ADXL362RegisterWrite  adxl362.o
    0x08001984   0x08001984   0x00000314   Code   RO         1121    i.ADXL362_Init      adxl362.o
    0x08001c98   0x08001c98   0x00000048   Code   RO           12    i.DATAEEPROM_Program  main.o
    0x08001ce0   0x08001ce0   0x00000004   Code   RO           13    i.DATAEEPROM_Read   main.o
    0x08001ce4   0x08001ce4   0x00000058   Code   RO          986    i.DMA1_Channel2_3_IRQHandler  stm32l0xx_it.o
    0x08001d3c   0x08001d3c   0x00000058   Code   RO          987    i.EXTI4_15_IRQHandler  stm32l0xx_it.o
    0x08001d94   0x08001d94   0x00000020   Code   RO          708    i.Enable_LPUART1    usart.o
    0x08001db4   0x08001db4   0x00000040   Code   RO          927    i.Enable_SPI        spi.o
    0x08001df4   0x08001df4   0x0000001c   Code   RO           14    i.Error_Handler     main.o
    0x08001e10   0x08001e10   0x00000090   Code   RO         2979    i.FLASH_SetErrorCode  stm32l0xx_hal_flash.o
    0x08001ea0   0x08001ea0   0x00000070   Code   RO         2980    i.FLASH_WaitForLastOperation  stm32l0xx_hal_flash.o
    0x08001f10   0x08001f10   0x00000060   Code   RO          868    i.GetRTC            rtc.o
    0x08001f70   0x08001f70   0x00000094   Code   RO         1819    i.HAL_ADC_ConfigChannel  stm32l0xx_hal_adc.o
    0x08002004   0x08002004   0x00000020   Code   RO          550    i.HAL_ADC_ConvCpltCallback  adc.o
    0x08002024   0x08002024   0x000000b4   Code   RO         1822    i.HAL_ADC_DeInit    stm32l0xx_hal_adc.o
    0x080020d8   0x080020d8   0x00000002   Code   RO         1823    i.HAL_ADC_ErrorCallback  stm32l0xx_hal_adc.o
    0x080020da   0x080020da   0x00000006   Code   RO         1826    i.HAL_ADC_GetValue  stm32l0xx_hal_adc.o
    0x080020e0   0x080020e0   0x000000d8   Code   RO         1827    i.HAL_ADC_IRQHandler  stm32l0xx_hal_adc.o
    0x080021b8   0x080021b8   0x000001c8   Code   RO         1828    i.HAL_ADC_Init      stm32l0xx_hal_adc.o
    0x08002380   0x08002380   0x00000002   Code   RO         1829    i.HAL_ADC_LevelOutOfWindowCallback  stm32l0xx_hal_adc.o
    0x08002382   0x08002382   0x00000002   PAD
    0x08002384   0x08002384   0x00000030   Code   RO          551    i.HAL_ADC_MspDeInit  adc.o
    0x080023b4   0x080023b4   0x00000060   Code   RO          552    i.HAL_ADC_MspInit   adc.o
    0x08002414   0x08002414   0x0000007c   Code   RO         1836    i.HAL_ADC_Start_IT  stm32l0xx_hal_adc.o
    0x08002490   0x08002490   0x00000024   Code   RO         2057    i.HAL_Delay         stm32l0xx_hal.o
    0x080024b4   0x080024b4   0x00000010   Code   RO         3080    i.HAL_FLASHEx_DATAEEPROM_DisableFixedTimeProgram  stm32l0xx_hal_flash_ex.o
    0x080024c4   0x080024c4   0x00000010   Code   RO         3081    i.HAL_FLASHEx_DATAEEPROM_EnableFixedTimeProgram  stm32l0xx_hal_flash_ex.o
    0x080024d4   0x080024d4   0x00000028   Code   RO         3082    i.HAL_FLASHEx_DATAEEPROM_Erase  stm32l0xx_hal_flash_ex.o
    0x080024fc   0x080024fc   0x00000014   Code   RO         3083    i.HAL_FLASHEx_DATAEEPROM_Lock  stm32l0xx_hal_flash_ex.o
    0x08002510   0x08002510   0x00000054   Code   RO         3084    i.HAL_FLASHEx_DATAEEPROM_Program  stm32l0xx_hal_flash_ex.o
    0x08002564   0x08002564   0x00000034   Code   RO         3085    i.HAL_FLASHEx_DATAEEPROM_Unlock  stm32l0xx_hal_flash_ex.o
    0x08002598   0x08002598   0x000000f0   Code   RO         3185    i.HAL_GPIO_DeInit   stm32l0xx_hal_gpio.o
    0x08002688   0x08002688   0x00000184   Code   RO         3188    i.HAL_GPIO_Init     stm32l0xx_hal_gpio.o
    0x0800280c   0x0800280c   0x00000010   Code   RO         3191    i.HAL_GPIO_TogglePin  stm32l0xx_hal_gpio.o
    0x0800281c   0x0800281c   0x0000000c   Code   RO         3192    i.HAL_GPIO_WritePin  stm32l0xx_hal_gpio.o
    0x08002828   0x08002828   0x0000000c   Code   RO         2061    i.HAL_GetTick       stm32l0xx_hal.o
    0x08002834   0x08002834   0x00000010   Code   RO         2067    i.HAL_IncTick       stm32l0xx_hal.o
    0x08002844   0x08002844   0x00000028   Code   RO         2068    i.HAL_Init          stm32l0xx_hal.o
    0x0800286c   0x0800286c   0x00000044   Code   RO         2069    i.HAL_InitTick      stm32l0xx_hal.o
    0x080028b0   0x080028b0   0x00000018   Code   RO         1094    i.HAL_MspInit       stm32l0xx_hal_msp.o
    0x080028c8   0x080028c8   0x00000020   Code   RO         3514    i.HAL_NVIC_DisableIRQ  stm32l0xx_hal_cortex.o
    0x080028e8   0x080028e8   0x00000018   Code   RO         3515    i.HAL_NVIC_EnableIRQ  stm32l0xx_hal_cortex.o
    0x08002900   0x08002900   0x00000008   Code   RO         3519    i.HAL_NVIC_SetPriority  stm32l0xx_hal_cortex.o
    0x08002908   0x08002908   0x00000010   Code   RO         3345    i.HAL_PWR_EnableBkUpAccess  stm32l0xx_hal_pwr.o
    0x08002918   0x08002918   0x00000178   Code   RO         2863    i.HAL_RCCEx_PeriphCLKConfig  stm32l0xx_hal_rcc_ex.o
    0x08002a90   0x08002a90   0x0000019c   Code   RO         2763    i.HAL_RCC_ClockConfig  stm32l0xx_hal_rcc.o
    0x08002c2c   0x08002c2c   0x00000078   Code   RO         2771    i.HAL_RCC_GetSysClockFreq  stm32l0xx_hal_rcc.o
    0x08002ca4   0x08002ca4   0x00000432   Code   RO         2774    i.HAL_RCC_OscConfig  stm32l0xx_hal_rcc.o
    0x080030d6   0x080030d6   0x00000002   PAD
    0x080030d8   0x080030d8   0x000000f8   Code   RO         4255    i.HAL_RTCEx_SetWakeUpTimer_IT  stm32l0xx_hal_rtc_ex.o
    0x080031d0   0x080031d0   0x00000010   Code   RO          869    i.HAL_RTCEx_WakeUpTimerEventCallback  rtc.o
    0x080031e0   0x080031e0   0x00000038   Code   RO         4262    i.HAL_RTCEx_WakeUpTimerIRQHandler  stm32l0xx_hal_rtc_ex.o
    0x08003218   0x08003218   0x00000044   Code   RO         4100    i.HAL_RTC_GetDate   stm32l0xx_hal_rtc.o
    0x0800325c   0x0800325c   0x0000005c   Code   RO         4102    i.HAL_RTC_GetTime   stm32l0xx_hal_rtc.o
    0x080032b8   0x080032b8   0x000000bc   Code   RO         4103    i.HAL_RTC_Init      stm32l0xx_hal_rtc.o
    0x08003374   0x08003374   0x00000030   Code   RO          871    i.HAL_RTC_MspInit   rtc.o
    0x080033a4   0x080033a4   0x000000c4   Code   RO         4109    i.HAL_RTC_SetDate   stm32l0xx_hal_rtc.o
    0x08003468   0x08003468   0x000000e8   Code   RO         4110    i.HAL_RTC_SetTime   stm32l0xx_hal_rtc.o
    0x08003550   0x08003550   0x00000034   Code   RO         4111    i.HAL_RTC_WaitForSynchro  stm32l0xx_hal_rtc.o
    0x08003584   0x08003584   0x00000030   Code   RO         3523    i.HAL_SYSTICK_Config  stm32l0xx_hal_cortex.o
    0x080035b4   0x080035b4   0x00000038   Code   RO         4739    i.HMAC_SHA256_Append  STM32CryptographicV3.0.0_CM0PLUS_KEIL_otslsm1elfspf.lib(crypto.o)
    0x080035ec   0x080035ec   0x000000d0   Code   RO         4740    i.HMAC_SHA256_Finish  STM32CryptographicV3.0.0_CM0PLUS_KEIL_otslsm1elfspf.lib(crypto.o)
    0x080036bc   0x080036bc   0x000001a8   Code   RO         4741    i.HMAC_SHA256_Init  STM32CryptographicV3.0.0_CM0PLUS_KEIL_otslsm1elfspf.lib(crypto.o)
    0x08003864   0x08003864   0x00000002   Code   RO          988    i.HardFault_Handler  stm32l0xx_it.o
    0x08003866   0x08003866   0x00000016   Code   RO           15    i.LED_Blinking      main.o
    0x0800387c   0x0800387c   0x00000018   Code   RO          711    i.LL_APB1_GRP1_EnableClock  usart.o
    0x08003894   0x08003894   0x00000018   Code   RO          712    i.LL_APB2_GRP1_EnableClock  usart.o
    0x080038ac   0x080038ac   0x0000001c   Code   RO          713    i.LL_DMA_SetChannelPriorityLevel  usart.o
    0x080038c8   0x080038c8   0x00000020   Code   RO          714    i.LL_DMA_SetDataTransferDirection  usart.o
    0x080038e8   0x080038e8   0x0000001c   Code   RO          715    i.LL_DMA_SetMemoryIncMode  usart.o
    0x08003904   0x08003904   0x0000001c   Code   RO          716    i.LL_DMA_SetMemorySize  usart.o
    0x08003920   0x08003920   0x0000001c   Code   RO          717    i.LL_DMA_SetMode    usart.o
    0x0800393c   0x0800393c   0x0000001c   Code   RO          718    i.LL_DMA_SetPeriphIncMode  usart.o
    0x08003958   0x08003958   0x00000018   Code   RO          719    i.LL_DMA_SetPeriphRequest  usart.o
    0x08003970   0x08003970   0x0000001c   Code   RO          720    i.LL_DMA_SetPeriphSize  usart.o
    0x0800398c   0x0800398c   0x000000a0   Code   RO         3879    i.LL_EXTI_Init      stm32l0xx_ll_exti.o
    0x08003a2c   0x08003a2c   0x00000014   Code   RO          989    i.LL_EXTI_IsActiveFlag_0_31  stm32l0xx_it.o
    0x08003a40   0x08003a40   0x000000ae   Code   RO         1764    i.LL_GPIO_Init      stm32l0xx_ll_gpio.o
    0x08003aee   0x08003aee   0x00000014   Code   RO          491    i.LL_GPIO_SetPinMode  gpio.o
    0x08003b02   0x08003b02   0x00000014   Code   RO          492    i.LL_GPIO_SetPinPull  gpio.o
    0x08003b16   0x08003b16   0x00000002   PAD
    0x08003b18   0x08003b18   0x00000018   Code   RO          493    i.LL_IOP_GRP1_EnableClock  gpio.o
    0x08003b30   0x08003b30   0x00000018   Code   RO          721    i.LL_IOP_GRP1_EnableClock  usart.o
    0x08003b48   0x08003b48   0x00000018   Code   RO          928    i.LL_IOP_GRP1_EnableClock  spi.o
    0x08003b60   0x08003b60   0x0000006c   Code   RO         4011    i.LL_LPUART_Init    stm32l0xx_ll_lpuart.o
    0x08003bcc   0x08003bcc   0x00000064   Code   RO         3694    i.LL_RCC_GetLPUARTClockFreq  stm32l0xx_ll_rcc.o
    0x08003c30   0x08003c30   0x00000020   Code   RO         3695    i.LL_RCC_GetSystemClocksFreq  stm32l0xx_ll_rcc.o
    0x08003c50   0x08003c50   0x00000090   Code   RO         3696    i.LL_RCC_GetUSARTClockFreq  stm32l0xx_ll_rcc.o
    0x08003ce0   0x08003ce0   0x00000010   Code   RO         3697    i.LL_RCC_GetUSARTClockSource  stm32l0xx_ll_rcc.o
    0x08003cf0   0x08003cf0   0x00000010   Code   RO         3698    i.LL_RCC_HSI_IsReady  stm32l0xx_ll_rcc.o
    0x08003d00   0x08003d00   0x00000010   Code   RO         3699    i.LL_RCC_IsActiveFlag_HSIDIV  stm32l0xx_ll_rcc.o
    0x08003d10   0x08003d10   0x00000010   Code   RO         3700    i.LL_RCC_LSE_IsReady  stm32l0xx_ll_rcc.o
    0x08003d20   0x08003d20   0x0000006c   Code   RO         4457    i.LL_SPI_Init       stm32l0xx_ll_spi.o
    0x08003d8c   0x08003d8c   0x00000020   Code   RO          494    i.LL_SYSCFG_SetEXTISource  gpio.o
    0x08003dac   0x08003dac   0x00000014   Code   RO          722    i.LL_USART_ConfigAsyncMode  usart.o
    0x08003dc0   0x08003dc0   0x000000c8   Code   RO         4048    i.LL_USART_Init     stm32l0xx_ll_usart.o
    0x08003e88   0x08003e88   0x00000034   Code   RO          650    i.LPTIM1_Counter_Start_IT  lptim.o
    0x08003ebc   0x08003ebc   0x00000020   Code   RO          990    i.LPTIM1_IRQHandler  stm32l0xx_it.o
    0x08003edc   0x08003edc   0x00000064   Code   RO          651    i.LPTimerAutoreloadMatch_Callback  lptim.o
    0x08003f40   0x08003f40   0x00000010   Code   RO          991    i.LPUART1_IRQHandler  stm32l0xx_it.o
    0x08003f50   0x08003f50   0x00000070   Code   RO          553    i.MX_ADC_Init       adc.o
    0x08003fc0   0x08003fc0   0x00000034   Code   RO          604    i.MX_DMA_Init       dma.o
    0x08003ff4   0x08003ff4   0x0000028c   Code   RO          495    i.MX_GPIO_Init      gpio.o
    0x08004280   0x08004280   0x00000034   Code   RO          627    i.MX_IWDG_Init      iwdg.o
    0x080042b4   0x080042b4   0x00000074   Code   RO          652    i.MX_LPTIM1_Init    lptim.o
    0x08004328   0x08004328   0x00000088   Code   RO          724    i.MX_LPUART1_UART_Init  usart.o
    0x080043b0   0x080043b0   0x00000090   Code   RO          872    i.MX_RTC_Init       rtc.o
    0x08004440   0x08004440   0x000000ac   Code   RO          930    i.MX_SPI1_Init      spi.o
    0x080044ec   0x080044ec   0x000000f0   Code   RO          726    i.MX_USART1_UART_Init  usart.o
    0x080045dc   0x080045dc   0x00000002   Code   RO          992    i.NMI_Handler       stm32l0xx_it.o
    0x080045de   0x080045de   0x00000002   Code   RO          993    i.PendSV_Handler    stm32l0xx_it.o
    0x080045e0   0x080045e0   0x00000014   Code   RO          653    i.Pregnant_Time_Init  lptim.o
    0x080045f4   0x080045f4   0x0000001c   Code   RO         3701    i.RCC_GetHCLKClockFreq  stm32l0xx_ll_rcc.o
    0x08004610   0x08004610   0x00000018   Code   RO         3702    i.RCC_GetPCLK1ClockFreq  stm32l0xx_ll_rcc.o
    0x08004628   0x08004628   0x00000018   Code   RO         3703    i.RCC_GetPCLK2ClockFreq  stm32l0xx_ll_rcc.o
    0x08004640   0x08004640   0x00000054   Code   RO         3704    i.RCC_GetSystemClockFreq  stm32l0xx_ll_rcc.o
    0x08004694   0x08004694   0x00000050   Code   RO         3705    i.RCC_PLL_GetFreqDomain_SYS  stm32l0xx_ll_rcc.o
    0x080046e4   0x080046e4   0x00000010   Code   RO         4112    i.RTC_Bcd2ToByte    stm32l0xx_hal_rtc.o
    0x080046f4   0x080046f4   0x00000018   Code   RO         4113    i.RTC_ByteToBcd2    stm32l0xx_hal_rtc.o
    0x0800470c   0x0800470c   0x00000038   Code   RO         4114    i.RTC_EnterInitMode  stm32l0xx_hal_rtc.o
    0x08004744   0x08004744   0x00000010   Code   RO          994    i.RTC_IRQHandler    stm32l0xx_it.o
    0x08004754   0x08004754   0x000001a2   Code   RO         4801    i.SHA256Final       STM32CryptographicV3.0.0_CM0PLUS_KEIL_otslsm1elfspf.lib(crypto.o)
    0x080048f6   0x080048f6   0x00000002   PAD
    0x080048f8   0x080048f8   0x000002f0   Code   RO         4803    i.SHA256Transform   STM32CryptographicV3.0.0_CM0PLUS_KEIL_otslsm1elfspf.lib(crypto.o)
    0x08004be8   0x08004be8   0x00000092   Code   RO         4804    i.SHA256Update      STM32CryptographicV3.0.0_CM0PLUS_KEIL_otslsm1elfspf.lib(crypto.o)
    0x08004c7a   0x08004c7a   0x00000002   PAD
    0x08004c7c   0x08004c7c   0x00000098   Code   RO         4806    i.SHA256_Finish     STM32CryptographicV3.0.0_CM0PLUS_KEIL_otslsm1elfspf.lib(crypto.o)
    0x08004d14   0x08004d14   0x00000018   Code   RO          931    i.SPI_ExchangeByte  spi.o
    0x08004d2c   0x08004d2c   0x00000040   Code   RO           16    i.STM32_SHA256_HMAC_Compute  main.o
    0x08004d6c   0x08004d6c   0x00000002   Code   RO          995    i.SVC_Handler       stm32l0xx_it.o
    0x08004d6e   0x08004d6e   0x00000002   PAD
    0x08004d70   0x08004d70   0x00000060   Code   RO          873    i.SetRTC            rtc.o
    0x08004dd0   0x08004dd0   0x00000170   Code   RO           17    i.Show_Message      main.o
    0x08004f40   0x08004f40   0x00000034   Code   RO          932    i.SpiFunction       spi.o
    0x08004f74   0x08004f74   0x00000008   Code   RO          996    i.SysTick_Handler   stm32l0xx_it.o
    0x08004f7c   0x08004f7c   0x000000a4   Code   RO           18    i.SystemClock_Config  main.o
    0x08005020   0x08005020   0x00000002   Code   RO         4540    i.SystemInit        system_stm32l0xx.o
    0x08005022   0x08005022   0x00000002   PAD
    0x08005024   0x08005024   0x000000fc   Code   RO           19    i.System_Initial    main.o
    0x08005120   0x08005120   0x00000034   Code   RO          997    i.USART1_IRQHandler  stm32l0xx_it.o
    0x08005154   0x08005154   0x00000094   Code   RO          654    i.WakeUp_Time_Init  lptim.o
    0x080051e8   0x080051e8   0x00000020   Code   RO         5505    i.__0printf         mc_p.l(printfa.o)
    0x08005208   0x08005208   0x00000028   Code   RO         5507    i.__0sprintf        mc_p.l(printfa.o)
    0x08005230   0x08005230   0x0000002e   Code   RO         5641    i.__ARM_clz         mf_p.l(depilogue.o)
    0x0800525e   0x0800525e   0x00000032   Code   RO         5215    i.__ARM_common_ll_muluu  STM32CryptographicV3.0.0_CM0PLUS_KEIL_otslsm1elfspf.lib(crypto.o)
    0x08005290   0x08005290   0x0000001a   Code   RO          692    i.__ARM_common_switch8  lptim.o
    0x080052aa   0x080052aa   0x00000002   PAD
    0x080052ac   0x080052ac   0x0000002c   Code   RO         5595    i.__ARM_fpclassify  m_ps.l(fpclassify.o)
    0x080052d8   0x080052d8   0x00000018   Code   RO          729    i.__NVIC_EnableIRQ  usart.o
    0x080052f0   0x080052f0   0x00000044   Code   RO          730    i.__NVIC_SetPriority  usart.o
    0x08005334   0x08005334   0x00000044   Code   RO         3525    i.__NVIC_SetPriority  stm32l0xx_hal_cortex.o
    0x08005378   0x08005378   0x000000ac   Code   RO         5597    i.__kernel_poly     m_ps.l(poly.o)
    0x08005424   0x08005424   0x00000014   Code   RO         5581    i.__mathlib_dbl_divzero  m_ps.l(dunder.o)
    0x08005438   0x08005438   0x00000008   Code   RO         5583    i.__mathlib_dbl_infnan2  m_ps.l(dunder.o)
    0x08005440   0x08005440   0x00000010   Code   RO         5584    i.__mathlib_dbl_invalid  m_ps.l(dunder.o)
    0x08005450   0x08005450   0x00000014   Code   RO         5585    i.__mathlib_dbl_overflow  m_ps.l(dunder.o)
    0x08005464   0x08005464   0x00000014   Code   RO         5587    i.__mathlib_dbl_underflow  m_ps.l(dunder.o)
    0x08005478   0x08005478   0x0000000e   Code   RO         5669    i.__scatterload_copy  mc_p.l(handlers.o)
    0x08005486   0x08005486   0x00000002   Code   RO         5670    i.__scatterload_null  mc_p.l(handlers.o)
    0x08005488   0x08005488   0x0000000e   Code   RO         5671    i.__scatterload_zeroinit  mc_p.l(handlers.o)
    0x08005496   0x08005496   0x00000002   PAD
    0x08005498   0x08005498   0x0000000c   Code   RO         5625    i.__set_errno       mc_p.l(errno.o)
    0x080054a4   0x080054a4   0x00000174   Code   RO         5512    i._fp_digits        mc_p.l(printfa.o)
    0x08005618   0x08005618   0x0000000e   Code   RO         5569    i._is_digit         mc_p.l(scanf_fp.o)
    0x08005626   0x08005626   0x00000002   PAD
    0x08005628   0x08005628   0x000006ec   Code   RO         5513    i._printf_core      mc_p.l(printfa.o)
    0x08005d14   0x08005d14   0x00000020   Code   RO         5514    i._printf_post_padding  mc_p.l(printfa.o)
    0x08005d34   0x08005d34   0x0000002c   Code   RO         5515    i._printf_pre_padding  mc_p.l(printfa.o)
    0x08005d60   0x08005d60   0x0000000a   Code   RO         5517    i._sputc            mc_p.l(printfa.o)
    0x08005d6a   0x08005d6a   0x00000002   PAD
    0x08005d6c   0x08005d6c   0x000000c8   Code   RO          554    i.adc_process       adc.o
    0x08005e34   0x08005e34   0x0000006a   Code   RO         1650    i.atc_addSearch     atc.o
    0x08005e9e   0x08005e9e   0x00000008   Code   RO         1651    i.atc_alloc         atc.o
    0x08005ea6   0x08005ea6   0x00000022   Code   RO         1652    i.atc_available     atc.o
    0x08005ec8   0x08005ec8   0x00000130   Code   RO         1653    i.atc_command       atc.o
    0x08005ff8   0x08005ff8   0x00000018   Code   RO         1655    i.atc_empty         atc.o
    0x08006010   0x08006010   0x0000000c   Code   RO         1656    i.atc_free          atc.o
    0x0800601c   0x0800601c   0x00000060   Code   RO         1657    i.atc_init          atc.o
    0x0800607c   0x0800607c   0x00000048   Code   RO         1658    i.atc_lock          atc.o
    0x080060c4   0x080060c4   0x00000068   Code   RO         1659    i.atc_loop          atc.o
    0x0800612c   0x0800612c   0x0000006c   Code   RO         1660    i.atc_rxCallback    atc.o
    0x08006198   0x08006198   0x00000048   Code   RO         1661    i.atc_search        atc.o
    0x080061e0   0x080061e0   0x00000054   Code   RO         1662    i.atc_searchAnswer  atc.o
    0x08006234   0x08006234   0x00000042   Code   RO         1663    i.atc_transmit      atc.o
    0x08006276   0x08006276   0x00000002   PAD
    0x08006278   0x08006278   0x000001b4   Code   RO         1344    i.dmp_mqttConParmGenerate  mqtt.o
    0x0800642c   0x0800642c   0x000000ec   Code   RO         1345    i.dmp_mqttTriadsInit  mqtt.o
    0x08006518   0x08006518   0x00000010   Code   RO          731    i.fputc             usart.o
    0x08006528   0x08006528   0x00000054   Code   RO         5533    i.free              mc_p.l(malloc.o)
    0x0800657c   0x0800657c   0x00000174   Code   RO         1191    i.gga_parser        gnss.o
    0x080066f0   0x080066f0   0x00000034   Code   RO         1192    i.gps_deinit        gnss.o
    0x08006724   0x08006724   0x00000018   Code   RO         1193    i.gps_init          gnss.o
    0x0800673c   0x0800673c   0x0000005c   Code   RO         1194    i.gps_loop          gnss.o
    0x08006798   0x08006798   0x00000064   Code   RO         1195    i.gps_power         gnss.o
    0x080067fc   0x080067fc   0x00000034   Code   RO         1196    i.gps_process       gnss.o
    0x08006830   0x08006830   0x00000070   Code   RO         1198    i.gps_usart_init    gnss.o
    0x080068a0   0x080068a0   0x000000b4   Code   RO         1199    i.gps_usart_process_data  gnss.o
    0x08006954   0x08006954   0x00000060   Code   RO         1200    i.gps_usart_rxCallBack  gnss.o
    0x080069b4   0x080069b4   0x000000dc   Code   RO         1203    i.gps_waitForLocate  gnss.o
    0x08006a90   0x08006a90   0x00000014   Code   RO         1205    i.l86_power_off     gnss.o
    0x08006aa4   0x08006aa4   0x00000014   Code   RO         1206    i.l86_power_on      gnss.o
    0x08006ab8   0x08006ab8   0x0000022c   Code   RO           21    i.main              main.o
    0x08006ce4   0x08006ce4   0x0000006c   Code   RO         5534    i.malloc            mc_p.l(malloc.o)
    0x08006d50   0x08006d50   0x0000002c   Code   RO         1578    i.nbiot_callback_mqttDisconnect  nbiotcallback.o
    0x08006d7c   0x08006d7c   0x00000044   Code   RO         1579    i.nbiot_callback_mqttMessage  nbiotcallback.o
    0x08006dc0   0x08006dc0   0x00000028   Code   RO         1580    i.nbiot_callback_networkRegister  nbiotcallback.o
    0x08006de8   0x08006de8   0x0000002c   Code   RO         1581    i.nbiot_callback_networkUnregister  nbiotcallback.o
    0x08006e14   0x08006e14   0x0000002c   Code   RO         1582    i.nbiot_callback_simcardNotInserted  nbiotcallback.o
    0x08006e40   0x08006e40   0x00000024   Code   RO         1583    i.nbiot_callback_simcardPinRequest  nbiotcallback.o
    0x08006e64   0x08006e64   0x00000024   Code   RO         1584    i.nbiot_callback_simcardPukRequest  nbiotcallback.o
    0x08006e88   0x08006e88   0x00000028   Code   RO         1585    i.nbiot_callback_simcardReady  nbiotcallback.o
    0x08006eb0   0x08006eb0   0x00000088   Code   RO         1425    i.nbiot_clean       nbiot.o
    0x08006f38   0x08006f38   0x0000015c   Code   RO         1426    i.nbiot_connect     nbiot.o
    0x08007094   0x08007094   0x00000020   Code   RO         1427    i.nbiot_erase       nbiot.o
    0x080070b4   0x080070b4   0x000001e0   Code   RO         1428    i.nbiot_found       nbiot.o
    0x08007294   0x08007294   0x00000110   Code   RO         1429    i.nbiot_getICCID    nbiot.o
    0x080073a4   0x080073a4   0x00000108   Code   RO         1430    i.nbiot_getIMEI     nbiot.o
    0x080074ac   0x080074ac   0x00000104   Code   RO         1431    i.nbiot_getIMSI     nbiot.o
    0x080075b0   0x080075b0   0x00000138   Code   RO         1432    i.nbiot_getSignalQuality_0_to_100  nbiot.o
    0x080076e8   0x080076e8   0x0000010c   Code   RO         1433    i.nbiot_getVOLTAGE  nbiot.o
    0x080077f4   0x080077f4   0x000001c4   Code   RO         1434    i.nbiot_init        nbiot.o
    0x080079b8   0x080079b8   0x00000108   Code   RO         1435    i.nbiot_init_commands  nbiot.o
    0x08007ac0   0x08007ac0   0x00000034   Code   RO         1436    i.nbiot_lock        nbiot.o
    0x08007af4   0x08007af4   0x00000284   Code   RO         1437    i.nbiot_loop        nbiot.o
    0x08007d78   0x08007d78   0x00000374   Code   RO         1346    i.nbiot_mqttClientOpen  mqtt.o
    0x080080ec   0x080080ec   0x000001a8   Code   RO         1347    i.nbiot_mqttConnect  mqtt.o
    0x08008294   0x08008294   0x0000013c   Code   RO         1348    i.nbiot_mqttDisConnect  mqtt.o
    0x080083d0   0x080083d0   0x00001844   Code   RO         1349    i.nbiot_mqttMessage  mqtt.o
    0x08009c14   0x08009c14   0x000001a4   Code   RO         1350    i.nbiot_mqttPublish  mqtt.o
    0x08009db8   0x08009db8   0x00000234   Code   RO         1352    i.nbiot_mqttTopic   mqtt.o
    0x08009fec   0x08009fec   0x00000258   Code   RO         1353    i.nbiot_mqttTransmit  mqtt.o
    0x0800a244   0x0800a244   0x0000016c   Code   RO         1438    i.nbiot_power       nbiot.o
    0x0800a3b0   0x0800a3b0   0x000000bc   Code   RO         1439    i.nbiot_process     nbiot.o
    0x0800a46c   0x0800a46c   0x0000000c   Code   RO         1441    i.nbiot_unlock      nbiot.o
    0x0800a478   0x0800a478   0x000000e8   Code   RO         1442    i.nbiot_waitForRegister  nbiot.o
    0x0800a560   0x0800a560   0x0000003c   Code   RO         1443    i.open_bc26         nbiot.o
    0x0800a59c   0x0800a59c   0x000009fc   Code   RO         5218    i.pow               m_ps.l(pow.o)
    0x0800af98   0x0800af98   0x00000410   Code   RO         1208    i.rmc_parser        gnss.o
    0x0800b3a8   0x0800b3a8   0x000003d4   Code   RO         1209    i.set_deviceInfo    gnss.o
    0x0800b77c   0x0800b77c   0x00000048   Code   RO         5228    i.sqrt              m_ps.l(sqrt.o)
    0x0800b7c4   0x0800b7c4   0x00000074   Code   RO         1445    i.vcc_bc26_power_ctrl  nbiot.o
    0x0800b838   0x0800b838   0x00000007   Data   RO          732    .constdata          usart.o
    0x0800b83f   0x0800b83f   0x00000007   Data   RO          998    .constdata          stm32l0xx_it.o
    0x0800b846   0x0800b846   0x00000007   Data   RO         1211    .constdata          gnss.o
    0x0800b84d   0x0800b84d   0x00000019   Data   RO         4541    .constdata          system_stm32l0xx.o
    0x0800b866   0x0800b866   0x00000008   Data   RO         4542    .constdata          system_stm32l0xx.o
    0x0800b86e   0x0800b86e   0x00000002   PAD
    0x0800b870   0x0800b870   0x00001b64   Data   RO         4884    .constdata          STM32CryptographicV3.0.0_CM0PLUS_KEIL_otslsm1elfspf.lib(crypto.o)
    0x0800d3d4   0x0800d3d4   0x00000004   PAD
    0x0800d3d8   0x0800d3d8   0x00000088   Data   RO         5219    .constdata          m_ps.l(pow.o)
    0x0800d460   0x0800d460   0x00000008   Data   RO         5599    .constdata          m_ps.l(qnan.o)
    0x0800d468   0x0800d468   0x00000040   Data   RO         5666    .constdata          mc_p.l(ctype_c.o)
    0x0800d4a8   0x0800d4a8   0x00000099   Data   RO         1212    .conststring        gnss.o
    0x0800d541   0x0800d541   0x00000003   PAD
    0x0800d544   0x0800d544   0x00001b8f   Data   RO         1355    .conststring        mqtt.o
    0x0800f0d3   0x0800f0d3   0x00000001   PAD
    0x0800f0d4   0x0800f0d4   0x00000020   Data   RO         5668    Region$$Table       anon$$obj.o


    Execution Region RW_IRAM1 (Exec base: 0x20000000, Load base: 0x0800f0f4, Size: 0x00004650, Max: 0x00005000, ABSOLUTE)

    Exec Addr    Load Addr    Size         Type   Attr      Idx    E Section Name        Object

    0x20000000   0x0800f0f4   0x00000001   Data   RW           22    .data               main.o
    0x20000001   0x0800f0f5   0x00000008   Data   RW          655    .data               lptim.o
    0x20000009   0x0800f0fd   0x00000004   Data   RW          877    .data               rtc.o
    0x2000000d   0x0800f101   0x00000001   PAD
    0x2000000e   0x0800f102   0x00000002   Data   RW         1124    .data               adxl362.o
    0x20000010   0x0800f104   0x00000001   Data   RW         1125    .data               adxl362.o
    0x20000011   0x0800f105   0x00000003   PAD
    0x20000014   0x0800f108   0x00000008   Data   RW         1213    .data               gnss.o
    0x2000001c   0x0800f110   0x0000000c   Data   RW         1448    .data               nbiot.o
    0x20000028   0x0800f11c   0x00000002   Data   RW         1449    .data               nbiot.o
    0x2000002a   0x0800f11e   0x00000003   Data   RW         1450    .data               nbiot.o
    0x2000002d   0x0800f121   0x00000001   Data   RW         1451    .data               nbiot.o
    0x2000002e   0x0800f122   0x00000002   PAD
    0x20000030   0x0800f124   0x0000000c   Data   RW         2079    .data               stm32l0xx_hal.o
    0x2000003c   0x0800f130   0x00000004   Data   RW         4543    .data               system_stm32l0xx.o
    0x20000040   0x0800f134   0x00000004   Data   RW         5263    .data               mc_p.l(strtok.o)
    0x20000044   0x0800f138   0x00000004   Data   RW         5614    .data               mc_p.l(stdout.o)
    0x20000048   0x0800f13c   0x00000004   Data   RW         5621    .data               mc_p.l(mvars.o)
    0x2000004c   0x0800f140   0x00000004   Data   RW         5622    .data               mc_p.l(mvars.o)
    0x20000050   0x0800f144   0x00000004   Data   RW         5626    .data               mc_p.l(errno.o)
    0x20000054        -       0x000000a4   Zero   RW          555    .bss                adc.o
    0x200000f8        -       0x00000014   Zero   RW          874    .bss                rtc.o
    0x2000010c        -       0x0000000a   Zero   RW          875    .bss                rtc.o
    0x20000116   0x0800f148   0x00000002   PAD
    0x20000118        -       0x00000024   Zero   RW          876    .bss                rtc.o
    0x2000013c        -       0x0000154e   Zero   RW         1123    .bss                adxl362.o
    0x2000168a   0x0800f148   0x00000006   PAD
    0x20001690        -       0x00000578   Zero   RW         1210    .bss                gnss.o
    0x20001c08        -       0x00000e18   Zero   RW         1446    .bss                nbiot.o
    0x20002a20        -       0x00000013   Zero   RW         1447    .bss                nbiot.o
    0x20002a33   0x0800f148   0x00000001   PAD
    0x20002a34        -       0x00000018   Zero   RW         2992    .bss                stm32l0xx_hal_flash.o
    0x20002a4c   0x0800f148   0x00000004   PAD
    0x20002a50        -       0x00000c00   Zero   RW            2    HEAP                startup_stm32l071xx.o
    0x20003650        -       0x00001000   Zero   RW            1    STACK               startup_stm32l071xx.o


==============================================================================

Image component sizes


      Code (inc. data)   RO Data    RW Data    ZI Data      Debug   Object Name

       488         70          0          0        164       3604   adc.o
      1900        390          0          3       5454       6382   adxl362.o
      1090         88          0          0          0      40551   atc.o
        52         12          0          0          0       4334   dma.o
      3360       1030        160          8       1400      41409   gnss.o
       748         32          0          0          0      25951   gpio.o
        52         22          0          0          0       2531   iwdg.o
       462        132          0          8          0      15305   lptim.o
      1530        338          0          1          0     360419   main.o
     10092       2026       7055          0          0       7484   mqtt.o
      4756       2110          0         18       3627      17817   nbiot.o
       352        268          0          0          0       3785   nbiotcallback.o
       400         62          0          4         66       3549   rtc.o
       336         18          0          0          0      21361   spi.o
        28          8        192          0       7168        608   startup_stm32l071xx.o
       172         28          0         12          0       8985   stm32l0xx_hal.o
      1448         50          0          0          0       8722   stm32l0xx_hal_adc.o
       180         30          0          0          0      12631   stm32l0xx_hal_cortex.o
       256         16          0          0         24       4094   stm32l0xx_hal_flash.o
       228         44          0          0          0       3955   stm32l0xx_hal_flash_ex.o
       656         60          0          0          0       3619   stm32l0xx_hal_gpio.o
        24          4          0          0          0        418   stm32l0xx_hal_msp.o
        16          4          0          0          0        487   stm32l0xx_hal_pwr.o
      1606         66          0          0          0       4410   stm32l0xx_hal_rcc.o
       376         14          0          0          0       1400   stm32l0xx_hal_rcc_ex.o
       924         18          0          0          0       6976   stm32l0xx_hal_rtc.o
       304         18          0          0          0       2596   stm32l0xx_hal_rtc_ex.o
       344         76          7          0          0      46739   stm32l0xx_it.o
       160          4          0          0          0       5043   stm32l0xx_ll_exti.o
       174          0          0          0          0       6823   stm32l0xx_ll_gpio.o
       108          4          0          0          0      14581   stm32l0xx_ll_lpuart.o
       580        114          0          0          0      21736   stm32l0xx_ll_rcc.o
       108          6          0          0          0      14590   stm32l0xx_ll_spi.o
       200         26          0          0          0      21060   stm32l0xx_ll_usart.o
         2          0         33          4          0       1103   system_stm32l0xx.o
       832        102          7          0          0      63794   usart.o

    ----------------------------------------------------------------------
     34360       7290       7492         64      17916     808852   Object Totals
         0          0         32          0          0          0   (incl. Generated)
        16          0          6          6         13          0   (incl. Padding)

    ----------------------------------------------------------------------

      Code (inc. data)   RO Data    RW Data    ZI Data      Debug   Library Member Name

      2206        120       7012          0          0        676   crypto.o
        84         14          0          0          0        340   dunder.o
        44          4          0          0          0         60   fpclassify.o
       172          0          0          0          0         76   poly.o
      2556        196        136          0          0        240   pow.o
         0          0          8          0          0          0   qnan.o
        72          6          0          0          0         76   sqrt.o
        60         10          0          0          0         84   __0sscanf.o
        30          0          0          0          0         60   _chval.o
       824         12          0          0          0         84   _scanf.o
       330          0          0          0          0         84   _scanf_int.o
       232          0          0          0          0         84   _scanf_str.o
        68          0          0          0          0         76   _sgetc.o
        36          4         64          0          0         60   ctype_c.o
         0          0          0          0          0          0   entry.o
         0          0          0          0          0          0   entry10a.o
         0          0          0          0          0          0   entry11a.o
         8          4          0          0          0          0   entry2.o
         4          0          0          0          0          0   entry5.o
         0          0          0          0          0          0   entry7b.o
         0          0          0          0          0          0   entry8b.o
         8          4          0          0          0          0   entry9a.o
        12          6          0          4          0         60   errno.o
        30          0          0          0          0          0   handlers.o
        36          8          0          0          0         68   init.o
        14          0          0          0          0         68   isspace_c.o
         0          0          0          0          0          0   iusefp.o
       122          0          0          0          0         84   llmul.o
        32          0          0          0          0         68   llshl.o
        38          0          0          0          0         68   llsshr.o
        34          0          0          0          0         68   llushr.o
       192         20          0          0          0        144   malloc.o
        64          0          0          0          0         68   memmovea.o
        36          0          0          0          0        100   memseta.o
         0          0          0          8          0          0   mvars.o
      2302        102          0          0          0        556   printfa.o
        44          8          0          0          0         84   scanf_char.o
       898         12          0          0          0        184   scanf_fp.o
         0          0          0          4          0          0   stdout.o
        28          0          0          0          0         68   strcmp.o
        18          0          0          0          0         60   strcpy.o
        14          0          0          0          0         60   strlen.o
        26          0          0          0          0         68   strncpy.o
        40          0          0          0          0         72   strstr.o
        72          4          0          4          0         72   strtok.o
        44          0          0          0          0         72   uidiv.o
        96          0          0          0          0         84   uldiv.o
        40          2          0          0          0         68   cdrcmple.o
        20          0          0          0          0         68   cfrcmple.o
        56          0          0          0          0         68   d2f.o
       356          4          0          0          0        140   dadd.o
       240          6          0          0          0         84   ddiv.o
       236          0          0          0          0        216   depilogue.o
        64         10          0          0          0         68   dfixul.o
        40          6          0          0          0         68   dflti.o
        28          6          0          0          0         68   dfltul.o
       208          6          0          0          0         88   dmul.o
        44          0          0          0          0         72   dscalb.o
       162          0          0          0          0         80   dsqrt.o
        40          0          0          0          0         60   f2d.o
       130          0          0          0          0        144   fepilogue.o

    ----------------------------------------------------------------------
     12608        574       7224         20          0       5468   Library Totals
        18          0          4          0          0          0   (incl. Padding)

    ----------------------------------------------------------------------

      Code (inc. data)   RO Data    RW Data    ZI Data      Debug   Library Name

      2206        120       7012          0          0        676   STM32CryptographicV3.0.0_CM0PLUS_KEIL_otslsm1elfspf.lib
      2928        220        144          0          0        792   m_ps.l
      5792        194         64         20          0       2708   mc_p.l
      1664         40          0          0          0       1292   mf_p.l

    ----------------------------------------------------------------------
     12608        574       7224         20          0       5468   Library Totals

    ----------------------------------------------------------------------

==============================================================================


      Code (inc. data)   RO Data    RW Data    ZI Data      Debug   

     46968       7864      14716         84      17916     802664   Grand Totals
     46968       7864      14716         84      17916     802664   ELF Image Totals
     46968       7864      14716         84          0          0   ROM Totals

==============================================================================

    Total RO  Size (Code + RO Data)                61684 (  60.24kB)
    Total RW  Size (RW Data + ZI Data)             18000 (  17.58kB)
    Total ROM Size (Code + RO Data + RW Data)      61768 (  60.32kB)

==============================================================================

